<html>
<body>
<pre>
<h1>µVision Build Log</h1>
<h2>Tool Versions:</h2>
IDE-Version: ¦ÌVision V5.36.0.0
Copyright (C) 2021 ARM Ltd and ARM Germany GmbH. All rights reserved.
License Information: lin lyf, forever, LIC=21E4T-RRFKK-VE5HA-1RKI9-CXLRV-Q7U1V
 
Tool Versions:
Toolchain:       MDK-ARM Plus  Version: 5.36.0.0
Toolchain Path:  D:\keil5\MDK5.36\ARM\ARMCC\Bin
C Compiler:      Armcc.exe V5.06 update 7 (build 960)
Assembler:       Armasm.exe V5.06 update 7 (build 960)
Linker/Locator:  ArmLink.exe V5.06 update 7 (build 960)
Library Manager: ArmAr.exe V5.06 update 7 (build 960)
Hex Converter:   FromElf.exe V5.06 update 7 (build 960)
CPU DLL:         SARMCM3.DLL V5.36.0.0
Dialog DLL:      DCM.DLL V1.17.3.0
Target DLL:      CMSIS_AGDI.dll V1.33.0.0
Dialog DLL:      TCM.DLL V1.53.0.0
 
<h2>Project:</h2>
D:\STM32_Project_keil\lyf_MCU_practice\smart_range_hood\Project\smartRangehood.uvprojx
Project File Date:  06/28/2026

<h2>Output:</h2>
*** Using Compiler 'V5.06 update 7 (build 960)', folder: 'D:\keil5\MDK5.36\ARM\ARMCC\Bin'
Build target 'Target 1'
compiling main.c...
..\APP\Src\main.c(369): warning:  #223-D: function "System_Init" declared implicitly
  	System_Init();
..\APP\Src\main.c(348): warning:  #177-D: function "App_Test"  was declared but never referenced
  static void App_Test(void) 
..\APP\Src\main.c: 2 warnings, 0 errors
linking...
Program Size: Code=76224 RO-data=7712 RW-data=1164 ZI-data=12356  
FromELF: creating hex file...
"..\Object\smartRangehood.axf" - 0 Error(s), 2 Warning(s).

<h2>Software Packages used:</h2>

Package Vendor: Keil
                https://www.keil.com/pack/Keil.STM32F1xx_DFP.2.4.1.pack
                Keil.STM32F1xx_DFP.2.4.1
                STMicroelectronics STM32F1 Series Device Support, Drivers and Examples

<h2>Collection of Component include folders:</h2>
  D:\keil5\PACK5.36\Keil\STM32F1xx_DFP\2.4.1\Device\Include

<h2>Collection of Component Files used:</h2>
Build Time Elapsed:  00:00:02
</pre>
</body>
</html>
