Component: ARM Compiler 5.06 update 7 (build 960) Tool: armlink [4d3601]

==============================================================================

Section Cross References

    startup_stm32f10x_hd.o(RESET) refers to startup_stm32f10x_hd.o(STACK) for __initial_sp
    startup_stm32f10x_hd.o(RESET) refers to startup_stm32f10x_hd.o(.text) for Reset_Handler
    startup_stm32f10x_hd.o(RESET) refers to stm32f10x_it.o(i.NMI_Handler) for NMI_Handler
    startup_stm32f10x_hd.o(RESET) refers to stm32f10x_it.o(i.HardFault_Handler) for HardFault_Handler
    startup_stm32f10x_hd.o(RESET) refers to stm32f10x_it.o(i.MemManage_Handler) for MemManage_Handler
    startup_stm32f10x_hd.o(RESET) refers to stm32f10x_it.o(i.BusFault_Handler) for BusFault_Handler
    startup_stm32f10x_hd.o(RESET) refers to stm32f10x_it.o(i.UsageFault_Handler) for UsageFault_Handler
    startup_stm32f10x_hd.o(RESET) refers to port.o(.emb_text) for SVC_Handler
    startup_stm32f10x_hd.o(RESET) refers to stm32f10x_it.o(i.DebugMon_Handler) for DebugMon_Handler
    startup_stm32f10x_hd.o(RESET) refers to delay.o(i.SysTick_Handler) for SysTick_Handler
    startup_stm32f10x_hd.o(RESET) refers to app_tasks.o(i.TIM2_IRQHandler) for TIM2_IRQHandler
    startup_stm32f10x_hd.o(RESET) refers to app_tasks.o(i.TIM4_IRQHandler) for TIM4_IRQHandler
    startup_stm32f10x_hd.o(RESET) refers to app_tasks.o(i.UART4_IRQHandler) for UART4_IRQHandler
    startup_stm32f10x_hd.o(.text) refers to system_stm32f10x.o(i.SystemInit) for SystemInit
    startup_stm32f10x_hd.o(.text) refers to entry.o(.ARM.Collect$$$$00000000) for __main
    event_groups.o(i.vEventGroupClearBitsCallback) refers to event_groups.o(i.xEventGroupClearBits) for xEventGroupClearBits
    event_groups.o(i.vEventGroupDelete) refers to printfa.o(i.__0printf) for __2printf
    event_groups.o(i.vEventGroupDelete) refers to tasks.o(i.vTaskSuspendAll) for vTaskSuspendAll
    event_groups.o(i.vEventGroupDelete) refers to tasks.o(i.vTaskRemoveFromUnorderedEventList) for vTaskRemoveFromUnorderedEventList
    event_groups.o(i.vEventGroupDelete) refers to tasks.o(i.xTaskResumeAll) for xTaskResumeAll
    event_groups.o(i.vEventGroupDelete) refers to heap_4.o(i.vPortFree) for vPortFree
    event_groups.o(i.vEventGroupSetBitsCallback) refers to event_groups.o(i.xEventGroupSetBits) for xEventGroupSetBits
    event_groups.o(i.xEventGroupClearBits) refers to printfa.o(i.__0printf) for __2printf
    event_groups.o(i.xEventGroupClearBits) refers to port.o(i.vPortEnterCritical) for vPortEnterCritical
    event_groups.o(i.xEventGroupClearBits) refers to port.o(i.vPortExitCritical) for vPortExitCritical
    event_groups.o(i.xEventGroupClearBitsFromISR) refers to timers.o(i.xTimerPendFunctionCallFromISR) for xTimerPendFunctionCallFromISR
    event_groups.o(i.xEventGroupClearBitsFromISR) refers to event_groups.o(i.vEventGroupClearBitsCallback) for vEventGroupClearBitsCallback
    event_groups.o(i.xEventGroupCreate) refers to heap_4.o(i.pvPortMalloc) for pvPortMalloc
    event_groups.o(i.xEventGroupCreate) refers to list.o(i.vListInitialise) for vListInitialise
    event_groups.o(i.xEventGroupSetBits) refers to printfa.o(i.__0printf) for __2printf
    event_groups.o(i.xEventGroupSetBits) refers to tasks.o(i.vTaskSuspendAll) for vTaskSuspendAll
    event_groups.o(i.xEventGroupSetBits) refers to tasks.o(i.vTaskRemoveFromUnorderedEventList) for vTaskRemoveFromUnorderedEventList
    event_groups.o(i.xEventGroupSetBits) refers to tasks.o(i.xTaskResumeAll) for xTaskResumeAll
    event_groups.o(i.xEventGroupSetBitsFromISR) refers to timers.o(i.xTimerPendFunctionCallFromISR) for xTimerPendFunctionCallFromISR
    event_groups.o(i.xEventGroupSetBitsFromISR) refers to event_groups.o(i.vEventGroupSetBitsCallback) for vEventGroupSetBitsCallback
    event_groups.o(i.xEventGroupSync) refers to printfa.o(i.__0printf) for __2printf
    event_groups.o(i.xEventGroupSync) refers to tasks.o(i.xTaskGetSchedulerState) for xTaskGetSchedulerState
    event_groups.o(i.xEventGroupSync) refers to tasks.o(i.vTaskSuspendAll) for vTaskSuspendAll
    event_groups.o(i.xEventGroupSync) refers to event_groups.o(i.xEventGroupSetBits) for xEventGroupSetBits
    event_groups.o(i.xEventGroupSync) refers to tasks.o(i.vTaskPlaceOnUnorderedEventList) for vTaskPlaceOnUnorderedEventList
    event_groups.o(i.xEventGroupSync) refers to tasks.o(i.xTaskResumeAll) for xTaskResumeAll
    event_groups.o(i.xEventGroupSync) refers to tasks.o(i.uxTaskResetEventItemValue) for uxTaskResetEventItemValue
    event_groups.o(i.xEventGroupSync) refers to port.o(i.vPortEnterCritical) for vPortEnterCritical
    event_groups.o(i.xEventGroupSync) refers to port.o(i.vPortExitCritical) for vPortExitCritical
    event_groups.o(i.xEventGroupWaitBits) refers to printfa.o(i.__0printf) for __2printf
    event_groups.o(i.xEventGroupWaitBits) refers to tasks.o(i.xTaskGetSchedulerState) for xTaskGetSchedulerState
[...]
    I2C_SendByte                             0x080028d9   Thumb Code   872  i2c.o(i.I2C_SendByte)
    I2C_Start                                0x08002c79   Thumb Code   684  i2c.o(i.I2C_Start)
    I2C_Stop                                 0x08002f5d   Thumb Code   684  i2c.o(i.I2C_Stop)
    I2C_WaitACK                              0x08003241   Thumb Code   710  i2c.o(i.I2C_WaitACK)
    KeyScanTask                              0x08003541   Thumb Code    14  app_tasks.o(i.KeyScanTask)
    Key_drv_deinit_all                       0x0800354f   Thumb Code    12  key.o(i.Key_drv_deinit_all)
    Key_drv_read                             0x0800355b   Thumb Code    14  key.o(i.Key_drv_read)
    Key_drv_selftest                         0x08003569   Thumb Code    14  key.o(i.Key_drv_selftest)
    Key_drv_sleep                            0x08003577   Thumb Code    14  key.o(i.Key_drv_sleep)
    Key_drv_wakeup                           0x08003585   Thumb Code    14  key.o(i.Key_drv_wakeup)
    LCDDispUITask                            0x08003595   Thumb Code   546  app_tasks.o(i.LCDDispUITask)
    LCD_ClearAll                             0x080038a9   Thumb Code   106  lcd.o(i.LCD_ClearAll)
    LCD_Display_Dir                          0x0800391d   Thumb Code   496  lcd.o(i.LCD_Display_Dir)
    LCD_ILI9341_Init                         0x08003bd9   Thumb Code 19048  lcd.o(i.LCD_ILI9341_Init)
    LCD_Scan_Dir                             0x0800865d   Thumb Code   724  lcd.o(i.LCD_Scan_Dir)
    LCD_SetCursor                            0x08008939   Thumb Code   500  lcd.o(i.LCD_SetCursor)
    LED_onChipCfg                            0x08008b35   Thumb Code    12  led.o(i.LED_onChipCfg)
    MemManage_Handler                        0x08008b41   Thumb Code     4  stm32f10x_it.o(i.MemManage_Handler)
    MotorControlTask                         0x08008b45   Thumb Code   488  app_tasks.o(i.MotorControlTask)
    MotorSpeedCalcTask                       0x08008d45   Thumb Code    38  app_tasks.o(i.MotorSpeedCalcTask)
    NMI_Handler                              0x08008d75   Thumb Code     2  stm32f10x_it.o(i.NMI_Handler)
    NVIC_Init                                0x08008d91   Thumb Code   100  misc.o(i.NVIC_Init)
    NVIC_PriorityGroupConfig                 0x08008e01   Thumb Code    10  misc.o(i.NVIC_PriorityGroupConfig)
    OTT2001A_RD_Reg                          0x08008e15   Thumb Code    98  ott2001a.o(i.OTT2001A_RD_Reg)
    OTT2001A_SensorControl                   0x08008e77   Thumb Code    28  ott2001a.o(i.OTT2001A_SensorControl)
    OTT2001A_WR_Reg                          0x08008e93   Thumb Code    92  ott2001a.o(i.OTT2001A_WR_Reg)
    PIDDebugTask                             0x08008ef1   Thumb Code   252  app_tasks.o(i.PIDDebugTask)
    PID_Calculate                            0x08008ff5   Thumb Code   166  pid_service.o(i.PID_Calculate)
    PID_Init                                 0x0800909b   Thumb Code    60  pid_service.o(i.PID_Init)
    PID_SetTarget                            0x080090d7   Thumb Code     4  pid_service.o(i.PID_SetTarget)
    RCC_ADCCLKConfig                         0x080090dd   Thumb Code    18  stm32f10x_rcc.o(i.RCC_ADCCLKConfig)
    RCC_AHBPeriphClockCmd                    0x080090f5   Thumb Code    26  stm32f10x_rcc.o(i.RCC_AHBPeriphClockCmd)
    RCC_APB1PeriphClockCmd                   0x08009115   Thumb Code    26  stm32f10x_rcc.o(i.RCC_APB1PeriphClockCmd)
    RCC_APB1PeriphResetCmd                   0x08009135   Thumb Code    26  stm32f10x_rcc.o(i.RCC_APB1PeriphResetCmd)
    RCC_APB2PeriphClockCmd                   0x08009155   Thumb Code    26  stm32f10x_rcc.o(i.RCC_APB2PeriphClockCmd)
    RCC_APB2PeriphResetCmd                   0x08009175   Thumb Code    26  stm32f10x_rcc.o(i.RCC_APB2PeriphResetCmd)
    RCC_GetClocksFreq                        0x08009195   Thumb Code   192  stm32f10x_rcc.o(i.RCC_GetClocksFreq)
    SensorTask                               0x08009269   Thumb Code   286  app_tasks.o(i.SensorTask)
    StartTask                                0x08009549   Thumb Code   212  app_tasks.o(i.StartTask)
    StartTask_Create                         0x080096d9   Thumb Code    24  app_tasks.o(i.StartTask_Create)
    SysTick_CLKSourceConfig                  0x08009705   Thumb Code    40  misc.o(i.SysTick_CLKSourceConfig)
    SysTick_Handler                          0x0800972d   Thumb Code    16  delay.o(i.SysTick_Handler)
    SystemInit                               0x0800973d   Thumb Code    78  system_stm32f10x.o(i.SystemInit)
    System_Init                              0x0800979d   Thumb Code    78  app_tasks.o(i.System_Init)
    System_SwitchMode                        0x08009801   Thumb Code   112  app_tasks.o(i.System_SwitchMode)
    System_SwitchSpeedLevel                  0x0800987d   Thumb Code    64  app_tasks.o(i.System_SwitchSpeedLevel)
    System_ToggleMotor                       0x080098c5   Thumb Code   138  app_tasks.o(i.System_ToggleMotor)
    TIM2_IRQHandler                          0x08009bb9   Thumb Code    54  app_tasks.o(i.TIM2_IRQHandler)
    TIM4_IRQHandler                          0x08009bf5   Thumb Code    60  app_tasks.o(i.TIM4_IRQHandler)
    TIM_BDTRConfig                           0x08009c3d   Thumb Code    32  stm32f10x_tim.o(i.TIM_BDTRConfig)
    TIM_BDTRStructInit                       0x08009c5d   Thumb Code    18  stm32f10x_tim.o(i.TIM_BDTRStructInit)
    TIM_CCxCmd                               0x08009c6f   Thumb Code    30  stm32f10x_tim.o(i.TIM_CCxCmd)
    TIM_CCxNCmd                              0x08009c8d   Thumb Code    30  stm32f10x_tim.o(i.TIM_CCxNCmd)
    TIM_ClearITPendingBit                    0x08009cab   Thumb Code     6  stm32f10x_tim.o(i.TIM_ClearITPendingBit)
    TIM_Cmd                                  0x08009cb1   Thumb Code    24  stm32f10x_tim.o(i.TIM_Cmd)
    TIM_CtrlPWMOutputs                       0x08009cc9   Thumb Code    30  stm32f10x_tim.o(i.TIM_CtrlPWMOutputs)
    TIM_EncoderInterfaceConfig               0x08009ce7   Thumb Code    66  stm32f10x_tim.o(i.TIM_EncoderInterfaceConfig)
    TIM_GeneralInit                          0x08009f39   Thumb Code   670  tim.o(i.TIM_GeneralInit)
    TIM_GetCounter                           0x0800a1f5   Thumb Code     6  stm32f10x_tim.o(i.TIM_GetCounter)
    TIM_GetDirection                         0x0800a1fb   Thumb Code    10  motor.o(i.TIM_GetDirection)
    TIM_GetITStatus                          0x0800a205   Thumb Code    34  stm32f10x_tim.o(i.TIM_GetITStatus)
    TIM_ICInit                               0x0800a229   Thumb Code   150  stm32f10x_tim.o(i.TIM_ICInit)
    TIM_ITConfig                             0x0800a2d5   Thumb Code    18  stm32f10x_tim.o(i.TIM_ITConfig)
    TIM_OC1Init                              0x0800a395   Thumb Code   132  stm32f10x_tim.o(i.TIM_OC1Init)
    TIM_OC1PreloadConfig                     0x0800a42d   Thumb Code    18  stm32f10x_tim.o(i.TIM_OC1PreloadConfig)
    TIM_OC2Init                              0x0800a441   Thumb Code   154  stm32f10x_tim.o(i.TIM_OC2Init)
    TIM_OC2PreloadConfig                     0x0800a4e5   Thumb Code    26  stm32f10x_tim.o(i.TIM_OC2PreloadConfig)
    TIM_OC3Init                              0x0800a501   Thumb Code   150  stm32f10x_tim.o(i.TIM_OC3Init)
    TIM_OC3PreloadConfig                     0x0800a5a1   Thumb Code    18  stm32f10x_tim.o(i.TIM_OC3PreloadConfig)
    TIM_OC4Init                              0x0800a5b5   Thumb Code   114  stm32f10x_tim.o(i.TIM_OC4Init)
    TIM_OC4PreloadConfig                     0x0800a631   Thumb Code    26  stm32f10x_tim.o(i.TIM_OC4PreloadConfig)
    TIM_SetCompare1                          0x0800a64b   Thumb Code     4  stm32f10x_tim.o(i.TIM_SetCompare1)
    TIM_SetIC1Prescaler                      0x0800a64f   Thumb Code    18  stm32f10x_tim.o(i.TIM_SetIC1Prescaler)
    TIM_SetIC2Prescaler                      0x0800a661   Thumb Code    26  stm32f10x_tim.o(i.TIM_SetIC2Prescaler)
    TIM_SetIC3Prescaler                      0x0800a67b   Thumb Code    18  stm32f10x_tim.o(i.TIM_SetIC3Prescaler)
    TIM_SetIC4Prescaler                      0x0800a68d   Thumb Code    26  stm32f10x_tim.o(i.TIM_SetIC4Prescaler)
    TIM_TimeBaseInit                         0x0800a6a9   Thumb Code   122  stm32f10x_tim.o(i.TIM_TimeBaseInit)
    TIM_motorDrive_Init                      0x0800a74d   Thumb Code   184  motor.o(i.TIM_motorDrive_Init)
    TIM_motorEncoder_Init                    0x0800a815   Thumb Code   198  motor.o(i.TIM_motorEncoder_Init)
    TIM_motorSpeedCalc_Init                  0x0800a8e5   Thumb Code    10  motor.o(i.TIM_motorSpeedCalc_Init)
    TP_Read_AD                               0x0800a8f5   Thumb Code   132  touch.o(i.TP_Read_AD)
    TP_Read_XOY                              0x0800a989   Thumb Code   120  touch.o(i.TP_Read_XOY)
    TP_Write_Byte                            0x0800aa01   Thumb Code    64  touch.o(i.TP_Write_Byte)
    UART4_IRQHandler                         0x0800aa4d   Thumb Code    68  app_tasks.o(i.UART4_IRQHandler)
    USART_Cmd                                0x0800aa9d   Thumb Code    24  stm32f10x_usart.o(i.USART_Cmd)
    USART_DMACmd                             0x0800aab5   Thumb Code    18  stm32f10x_usart.o(i.USART_DMACmd)
    USART_GetITStatus                        0x0800aac7   Thumb Code    84  stm32f10x_usart.o(i.USART_GetITStatus)
    USART_Init                               0x0800ab1d   Thumb Code   210  stm32f10x_usart.o(i.USART_Init)
    USART_ReceiveData                        0x0800abf5   Thumb Code    10  stm32f10x_usart.o(i.USART_ReceiveData)
    UsageFault_Handler                       0x0800abff   Thumb Code     4  stm32f10x_it.o(i.UsageFault_Handler)
    VofaParaPrintTask                        0x0800ac05   Thumb Code   168  app_tasks.o(i.VofaParaPrintTask)
    WindSpeedTask                            0x0800acd1   Thumb Code   104  app_tasks.o(i.WindSpeedTask)
    WindSpeed_GetPWM                         0x0800ad41   Thumb Code     6  windspeed.o(i.WindSpeed_GetPWM)
    WindSpeed_GetPWMCompare                  0x0800ad4d   Thumb Code    52  windspeed.o(i.WindSpeed_GetPWMCompare)
    WindSpeed_GetTargetRPM                   0x0800ad89   Thumb Code    22  windspeed.o(i.WindSpeed_GetTargetRPM)
    WindSpeed_Init                           0x0800ada1   Thumb Code    18  windspeed.o(i.WindSpeed_Init)
    WindSpeed_IsCookingEvent                 0x0800adb9   Thumb Code     6  windspeed.o(i.WindSpeed_IsCookingEvent)
    WindSpeed_Update                         0x0800adc5   Thumb Code   256  windspeed.o(i.WindSpeed_Update)
    __0printf                                0x0800aefd   Thumb Code    22  printfa.o(i.__0printf)
    __1printf                                0x0800aefd   Thumb Code     0  printfa.o(i.__0printf)
    __2printf                                0x0800aefd   Thumb Code     0  printfa.o(i.__0printf)
    __c89printf                              0x0800aefd   Thumb Code     0  printfa.o(i.__0printf)
    printf                                   0x0800aefd   Thumb Code     0  printfa.o(i.__0printf)
    __0snprintf                              0x0800af1d   Thumb Code    48  printfa.o(i.__0snprintf)
    __1snprintf                              0x0800af1d   Thumb Code     0  printfa.o(i.__0snprintf)
    __2snprintf                              0x0800af1d   Thumb Code     0  printfa.o(i.__0snprintf)
    __c89snprintf                            0x0800af1d   Thumb Code     0  printfa.o(i.__0snprintf)
    snprintf                                 0x0800af1d   Thumb Code     0  printfa.o(i.__0snprintf)
    __0sprintf                               0x0800af51   Thumb Code    34  printfa.o(i.__0sprintf)
    __1sprintf                               0x0800af51   Thumb Code     0  printfa.o(i.__0sprintf)
    __2sprintf                               0x0800af51   Thumb Code     0  printfa.o(i.__0sprintf)
    __c89sprintf                             0x0800af51   Thumb Code     0  printfa.o(i.__0sprintf)
    sprintf                                  0x0800af51   Thumb Code     0  printfa.o(i.__0sprintf)
    __ARM_fpclassify                         0x0800af79   Thumb Code    40  fpclassify.o(i.__ARM_fpclassify)
    __kernel_poly                            0x0800afa1   Thumb Code   170  poly.o(i.__kernel_poly)
    __mathlib_dbl_divzero                    0x0800b04d   Thumb Code    12  dunder.o(i.__mathlib_dbl_divzero)
    __mathlib_dbl_infnan2                    0x0800b05d   Thumb Code     4  dunder.o(i.__mathlib_dbl_infnan2)
    __mathlib_dbl_invalid                    0x0800b061   Thumb Code    12  dunder.o(i.__mathlib_dbl_invalid)
    __mathlib_dbl_overflow                   0x0800b06d   Thumb Code    14  dunder.o(i.__mathlib_dbl_overflow)
    __mathlib_dbl_underflow                  0x0800b07d   Thumb Code    10  dunder.o(i.__mathlib_dbl_underflow)
    __scatterload_copy                       0x0800b08d   Thumb Code    14  handlers.o(i.__scatterload_copy)
    __scatterload_null                       0x0800b09b   Thumb Code     2  handlers.o(i.__scatterload_null)
    __scatterload_zeroinit                   0x0800b09d   Thumb Code    14  handlers.o(i.__scatterload_zeroinit)
    __set_errno                              0x0800b0ad   Thumb Code     6  errno.o(i.__set_errno)
    adc_onChipPeriph_cfg                     0x0800bdd9   Thumb Code   178  adc.o(i.adc_onChipPeriph_cfg)
    adc_read_single                          0x0800be8d   Thumb Code   228  adc.o(i.adc_read_single)
    aht20_adapter_register                   0x0800bfb9   Thumb Code    10  aht20_adp.o(i.aht20_adapter_register)
    aht20_driver_calibrate                   0x0800c0a1   Thumb Code   308  aht20.o(i.aht20_driver_calibrate)
    aht20_driver_init                        0x0800c1d9   Thumb Code    26  aht20.o(i.aht20_driver_init)
    aht20_driver_read_raw                    0x0800c1f9   Thumb Code   184  aht20.o(i.aht20_driver_read_raw)
    aht20_driver_trigger_measure             0x0800c2b5   Thumb Code    74  aht20.o(i.aht20_driver_trigger_measure)
    aht20_onChip_init                        0x0800c305   Thumb Code    10  aht20.o(i.aht20_onChip_init)
    at24cxx_onChipCfg                        0x0800c34d   Thumb Code    10  at24cxx.o(i.at24cxx_onChipCfg)
    at24cxx_read                             0x0800c35d   Thumb Code    52  at24cxx.o(i.at24cxx_read)
    at24cxx_readByte                         0x0800c391   Thumb Code   134  at24cxx.o(i.at24cxx_readByte)
    at24cxx_write                            0x0800c417   Thumb Code    54  at24cxx.o(i.at24cxx_write)
    at24cxx_writeByte                        0x0800c44d   Thumb Code   124  at24cxx.o(i.at24cxx_writeByte)
    delay_init                               0x0800c621   Thumb Code    74  delay.o(i.delay_init)
    delay_ms                                 0x0800c67d   Thumb Code    60  delay.o(i.delay_ms)
    delay_us                                 0x0800c6bd   Thumb Code    68  delay.o(i.delay_us)
    fputc                                    0x0800c705   Thumb Code    24  usart_driver.o(i.fputc)
    ft5206_init                              0x0800c721   Thumb Code   258  ft5206.o(i.ft5206_init)
    ft5206_scan                              0x0800c84d   Thumb Code   468  ft5206.o(i.ft5206_scan)
    get_encoder_value                        0x0800ca89   Thumb Code    20  motor.o(i.get_encoder_value)
    gt9147_init                              0x0800caa1   Thumb Code   350  gt9147.o(i.gt9147_init)
    gt9147_scan                              0x0800cc51   Thumb Code   562  gt9147.o(i.gt9147_scan)
    i2c_onChipPeriph_cfg                     0x0800ceb9   Thumb Code    46  i2c.o(i.i2c_onChipPeriph_cfg)
    io_deset                                 0x0800cf3d   Thumb Code   154  gpio.o(i.io_deset)
    io_deset_all                             0x0800cff5   Thumb Code   108  gpio.o(i.io_deset_all)
    io_getOpLevel                            0x0800d105   Thumb Code    14  gpio.o(i.io_getOpLevel)
    io_getPinNumber                          0x0800d113   Thumb Code    44  gpio.o(i.io_getPinNumber)
    io_reset_bit                             0x0800d13f   Thumb Code    14  gpio.o(i.io_reset_bit)
    io_selftest                              0x0800d14d   Thumb Code    56  gpio.o(i.io_selftest)
    io_set                                   0x0800d185   Thumb Code    92  gpio.o(i.io_set)
    io_set_bit                               0x0800d1e1   Thumb Code    14  gpio.o(i.io_set_bit)
    io_sleep                                 0x0800d1f1   Thumb Code    94  gpio.o(i.io_sleep)
    io_wkup                                  0x0800d255   Thumb Code   116  gpio.o(i.io_wkup)
    io_write_bit                             0x0800d2cd   Thumb Code    18  gpio.o(i.io_write_bit)
    key_adp_init                             0x0800d2e1   Thumb Code    22  key_adp.o(i.key_adp_init)
    key_adp_register                         0x0800d305   Thumb Code    16  key_adp.o(i.key_adp_register)
    key_drv_init                             0x0800d385   Thumb Code    12  key.o(i.key_drv_init)
    key_eventCallback                        0x0800d391   Thumb Code   172  app_tasks.o(i.key_eventCallback)
    key_init                                 0x0800d441   Thumb Code    72  key_service.o(i.key_init)
    key_read                                 0x0800d509   Thumb Code   174  key_service.o(i.key_read)
    key_register                             0x0800d5bd   Thumb Code    84  key_service.o(i.key_register)
    key_scan                                 0x0800d619   Thumb Code   432  key_service.o(i.key_scan)
    key_scanAll                              0x0800d7d5   Thumb Code    48  key_service.o(i.key_scanAll)
    lcd_onChipCfg                            0x0800d80d   Thumb Code    12  lcd.o(i.lcd_onChipCfg)
    log_get_tick                             0x0800d819   Thumb Code     8  debug_log.o(i.log_get_tick)
    log_output                               0x0800d821   Thumb Code    44  debug_log.o(i.log_output)
    log_uartOnChipCfg                        0x0800d851   Thumb Code    16  usart_driver.o(i.log_uartOnChipCfg)
    log_usart_sendData_dma                   0x0800d949   Thumb Code   114  usart_driver.o(i.log_usart_sendData_dma)
    main                                     0x0800d9c9   Thumb Code    24  main.o(i.main)
    motor_dir_ctrl                           0x0800d9e1   Thumb Code    54  motor.o(i.motor_dir_ctrl)
    motor_getSpeed                           0x0800da1d   Thumb Code   310  motor.o(i.motor_getSpeed)
    motor_init                               0x0800db81   Thumb Code    20  motor.o(i.motor_init)
    motor_setPWMDuty                         0x0800db99   Thumb Code    46  motor.o(i.motor_setPWMDuty)
    motor_speedCtrl                          0x0800dbc9   Thumb Code    20  motor.o(i.motor_speedCtrl)
    motor_start                              0x0800dbe1   Thumb Code    10  motor.o(i.motor_start)
    motor_stop                               0x0800dbf1   Thumb Code    30  motor.o(i.motor_stop)
    mq2_adapter_register                     0x0800dc19   Thumb Code    10  mq2_adp.o(i.mq2_adapter_register)
    mq2_calibrate_r0                         0x0800dc6d   Thumb Code   142  mq2.o(i.mq2_calibrate_r0)
    mq2_driver_init                          0x0800de19   Thumb Code    22  mq2.o(i.mq2_driver_init)
    mq2_is_alarm                             0x0800de3d   Thumb Code    24  mq2.o(i.mq2_is_alarm)
    mq2_onChip_init                          0x0800de55   Thumb Code    12  mq2.o(i.mq2_onChip_init)
    mq2_read                                 0x0800de69   Thumb Code    60  mq2.o(i.mq2_read)
    ott2001a_init                            0x0800df5d   Thumb Code   146  ott2001a.o(i.ott2001a_init)
    ott2001a_scan                            0x0800dffd   Thumb Code   446  ott2001a.o(i.ott2001a_scan)
    pow                                      0x0800e1dd   Thumb Code  2512  pow.o(i.pow)
    pvPortMalloc                             0x0800f85d   Thumb Code   412  heap_4.o(i.pvPortMalloc)
    pvTaskIncrementMutexHeldCount            0x0800fa55   Thumb Code    14  tasks.o(i.pvTaskIncrementMutexHeldCount)
    pxPortInitialiseStack                    0x0800fa69   Thumb Code    30  port.o(i.pxPortInitialiseStack)
    sensor_find_by_type                      0x0800fa8d   Thumb Code    42  sensor_service.o(i.sensor_find_by_type)
    sensor_init                              0x0800fac1   Thumb Code    62  sensor_service.o(i.sensor_init)
    sensor_read                              0x0800fb01   Thumb Code   296  sensor_service.o(i.sensor_read)
    sensor_register                          0x0800fc41   Thumb Code    54  sensor_service.o(i.sensor_register)
    sqrt                                     0x0800fc9d   Thumb Code    76  sqrt.o(i.sqrt)
    tp_adjust                                0x0800fce9   Thumb Code  2052  touch.o(i.tp_adjust)
    tp_adjustInfo_show                       0x08010539   Thumb Code   676  touch.o(i.tp_adjustInfo_show)
    tp_drowTouchPoint                        0x08010809   Thumb Code   122  touch.o(i.tp_drowTouchPoint)
    tp_init                                  0x080108e1   Thumb Code   266  touch.o(i.tp_init)
    tp_readXY                                0x08010a09   Thumb Code    38  touch.o(i.tp_readXY)
    tp_readXY2                               0x08010a39   Thumb Code   192  touch.o(i.tp_readXY2)
    tp_scan                                  0x08010b1d   Thumb Code   262  touch.o(i.tp_scan)
    uxListRemove                             0x08010c2d   Thumb Code    40  list.o(i.uxListRemove)
    uxTaskGetNumberOfTasks                   0x08010c55   Thumb Code     6  tasks.o(i.uxTaskGetNumberOfTasks)
    vListInitialise                          0x08010c61   Thumb Code    26  list.o(i.vListInitialise)
    vListInitialiseItem                      0x08010c7b   Thumb Code     6  list.o(i.vListInitialiseItem)
    vListInsert                              0x08010c81   Thumb Code    52  list.o(i.vListInsert)
    vListInsertEnd                           0x08010cb5   Thumb Code    24  list.o(i.vListInsertEnd)
    vPortEnterCritical                       0x08010ccd   Thumb Code    68  port.o(i.vPortEnterCritical)
    vPortExitCritical                        0x08010d59   Thumb Code    48  port.o(i.vPortExitCritical)
    vPortFree                                0x08010dcd   Thumb Code   144  heap_4.o(i.vPortFree)
    vPortSetupTimerInterrupt                 0x08010ead   Thumb Code    36  port.o(i.vPortSetupTimerInterrupt)
    vPortValidateInterruptPriority           0x08010ed5   Thumb Code    86  port.o(i.vPortValidateInterruptPriority)
    vQueueAddToRegistry                      0x08010f79   Thumb Code    84  queue.o(i.vQueueAddToRegistry)
    vQueueWaitForMessageRestricted           0x08011005   Thumb Code    74  queue.o(i.vQueueWaitForMessageRestricted)
    vTaskDelay                               0x08011051   Thumb Code    72  tasks.o(i.vTaskDelay)
    vTaskDelete                              0x080110d5   Thumb Code   224  tasks.o(i.vTaskDelete)
    vTaskInternalSetTimeOutState             0x08011211   Thumb Code    14  tasks.o(i.vTaskInternalSetTimeOutState)
    vTaskMissedYield                         0x08011229   Thumb Code     8  tasks.o(i.vTaskMissedYield)
    vTaskPlaceOnEventList                    0x08011235   Thumb Code    42  tasks.o(i.vTaskPlaceOnEventList)
    vTaskPlaceOnEventListRestricted          0x08011299   Thumb Code    88  tasks.o(i.vTaskPlaceOnEventListRestricted)
    vTaskPriorityDisinheritAfterTimeout      0x08011329   Thumb Code   254  tasks.o(i.vTaskPriorityDisinheritAfterTimeout)
    vTaskStartScheduler                      0x08011469   Thumb Code    96  tasks.o(i.vTaskStartScheduler)
    vTaskSuspendAll                          0x0801150d   Thumb Code    12  tasks.o(i.vTaskSuspendAll)
    vTaskSwitchContext                       0x0801151d   Thumb Code   118  tasks.o(i.vTaskSwitchContext)
    xPortStartScheduler                      0x080115dd   Thumb Code   208  port.o(i.xPortStartScheduler)
    xPortSysTickHandler                      0x08011701   Thumb Code    46  port.o(i.xPortSysTickHandler)
    xQueueCreateMutex                        0x08011735   Thumb Code    34  queue.o(i.xQueueCreateMutex)
    xQueueGenericCreate                      0x08011759   Thumb Code    92  queue.o(i.xQueueGenericCreate)
    xQueueGenericReset                       0x080117e9   Thumb Code   194  queue.o(i.xQueueGenericReset)
    xQueueGenericSend                        0x080118e5   Thumb Code   426  queue.o(i.xQueueGenericSend)
    xQueueGenericSendFromISR                 0x08011ac9   Thumb Code   292  queue.o(i.xQueueGenericSendFromISR)
    xQueueGiveFromISR                        0x08011c21   Thumb Code   252  queue.o(i.xQueueGiveFromISR)
    xQueueReceive                            0x08011d51   Thumb Code   326  queue.o(i.xQueueReceive)
    xQueueSemaphoreTake                      0x08011ed1   Thumb Code   368  queue.o(i.xQueueSemaphoreTake)
    xTaskCheckForTimeOut                     0x08012079   Thumb Code   116  tasks.o(i.xTaskCheckForTimeOut)
    xTaskCreate                              0x08012129   Thumb Code    56  tasks.o(i.xTaskCreate)
    xTaskDelayUntil                          0x08012161   Thumb Code   172  tasks.o(i.xTaskDelayUntil)
    xTaskGetSchedulerState                   0x0801224d   Thumb Code    24  tasks.o(i.xTaskGetSchedulerState)
    xTaskGetTickCount                        0x0801226d   Thumb Code     6  tasks.o(i.xTaskGetTickCount)
    xTaskIncrementTick                       0x08012279   Thumb Code   406  tasks.o(i.xTaskIncrementTick)
    xTaskPriorityDisinherit                  0x08012471   Thumb Code   214  tasks.o(i.xTaskPriorityDisinherit)
    xTaskPriorityInherit                     0x08012589   Thumb Code   230  tasks.o(i.xTaskPriorityInherit)
    xTaskRemoveFromEventList                 0x0801267d   Thumb Code   270  tasks.o(i.xTaskRemoveFromEventList)
    xTaskResumeAll                           0x080127d9   Thumb Code   372  tasks.o(i.xTaskResumeAll)
    xTimerCreateTimerTask                    0x080129a5   Thumb Code    56  timers.o(i.xTimerCreateTimerTask)
    userKey0                                 0x08012a50   Data          12  key.o(.constdata)
    userKey0_cfg                             0x08012a5c   Data           8  key.o(.constdata)
    userKey1                                 0x08012a64   Data          12  key.o(.constdata)
    userKey1_cfg                             0x08012a70   Data           8  key.o(.constdata)
    wkupKey                                  0x08012a78   Data          12  key.o(.constdata)
    wkupKey_cfg                              0x08012a84   Data           8  key.o(.constdata)
    TP_REMIND_MSG_TBL                        0x08012b24   Data           4  touch.o(.constdata)
    FT5206_TPX_TBL                           0x08012b34   Data          10  ft5206.o(.constdata)
    GT9147_CFG_TBL                           0x08012b3e   Data         184  gt9147.o(.constdata)
    GT9147_TPX_TBL                           0x08012bf6   Data          10  gt9147.o(.constdata)
    OTT_TPX_TBL                              0x08012c00   Data          10  ott2001a.o(.constdata)
    asc2_1206                                0x08012c0a   Data        1140  gui.o(.constdata)
    asc2_1608                                0x0801307e   Data        1520  gui.o(.constdata)
    asc2_2412                                0x0801366e   Data        3420  gui.o(.constdata)
    __mathlib_zero                           0x08014538   Data           8  qnan.o(.constdata)
    Region$$Table$$Base                      0x08014640   Number         0  anon$$obj.o(Region$$Table)
    Region$$Table$$Limit                     0x08014660   Number         0  anon$$obj.o(Region$$Table)
    pxCurrentTCB                             0x20000000   Data           4  tasks.o(.data)
    g_log_level                              0x20000090   Data           1  debug_log.o(.data)
    get_tick_ms                              0x20000098   Data           4  sys.o(.data)
    irqList                                  0x2000009c   Data           4  sys.o(.data)
    led0_gpio                                0x200000a0   Data          12  led.o(.data)
    led1_gpio                                0x200000ac   Data          12  led.o(.data)
    Led0                                     0x200000b8   Data           8  led.o(.data)
    Led1                                     0x200000c0   Data           8  led.o(.data)
    overflow                                 0x200000c8   Data           4  motor.o(.data)
    speed                                    0x200000cc   Data           4  motor.o(.data)
    motor_dir                                0x200000f4   Data           1  motor.o(.data)
    mq2_rel                                  0x200001c0   Data          20  mq2.o(.data)
    pointColor                               0x200001d4   Data           2  lcd.o(.data)
    bgColor                                  0x200001d6   Data           2  lcd.o(.data)
    DefaultScanDir                           0x200001d8   Data           1  lcd.o(.data)
    tp_dev                                   0x200001dc   Data          52  touch.o(.data)
    CMD_RDX                                  0x20000210   Data           1  touch.o(.data)
    CMD_RDY                                  0x20000211   Data           1  touch.o(.data)
    buzzer                                   0x20000218   Data          32  buzzer.o(.data)
    __stdout                                 0x20000238   Data           4  usart_driver.o(.data)
    s_dataConcernMutex                       0x200003ec   Data           4  app_tasks.o(.data)
    s_speedCalcSemaphore                     0x200003f0   Data           4  app_tasks.o(.data)
    SystemCoreClock                          0x20000448   Data           4  system_stm32f10x.o(.data)
    AHBPrescTable                            0x2000044c   Data          16  system_stm32f10x.o(.data)
    xQueueRegistry                           0x20000460   Data          64  queue.o(.bss)
    lcddev                                   0x20003064   Data          14  lcd.o(.bss)
    s_state                                  0x200030cc   Data          40  app_tasks.o(.bss)
    s_speedPID                               0x200030f4   Data          48  app_tasks.o(.bss)
    __initial_sp                             0x20003528   Data           0  startup_stm32f10x_hd.o(STACK)



==============================================================================

Memory Map of the image

  Image Entry point : 0x08000131

  Load Region LR_IROM1 (Base: 0x08000000, Size: 0x00014ac0, Max: 0x00080000, ABSOLUTE, COMPRESSED[0x000147a4])

    Execution Region ER_IROM1 (Exec base: 0x08000000, Load base: 0x08000000, Size: 0x00014660, Max: 0x00080000, ABSOLUTE)

    Exec Addr    Load Addr    Size         Type   Attr      Idx    E Section Name        Object

    0x08000000   0x08000000   0x00000130   Data   RO           19    RESET               startup_stm32f10x_hd.o
    0x08000130   0x08000130   0x00000000   Code   RO         7101  * .ARM.Collect$$$$00000000  mc_w.l(entry.o)
    0x08000130   0x08000130   0x00000004   Code   RO         7476    .ARM.Collect$$$$00000001  mc_w.l(entry2.o)
    0x08000134   0x08000134   0x00000004   Code   RO         7479    .ARM.Collect$$$$00000004  mc_w.l(entry5.o)
    0x08000138   0x08000138   0x00000000   Code   RO         7481    .ARM.Collect$$$$00000008  mc_w.l(entry7b.o)
    0x08000138   0x08000138   0x00000000   Code   RO         7483    .ARM.Collect$$$$0000000A  mc_w.l(entry8b.o)
    0x08000138   0x08000138   0x00000008   Code   RO         7484    .ARM.Collect$$$$0000000B  mc_w.l(entry9a.o)
    0x08000140   0x08000140   0x00000004   Code   RO         7491    .ARM.Collect$$$$0000000E  mc_w.l(entry12b.o)
    0x08000144   0x08000144   0x00000000   Code   RO         7486    .ARM.Collect$$$$0000000F  mc_w.l(entry10a.o)
    0x08000144   0x08000144   0x00000000   Code   RO         7488    .ARM.Collect$$$$00000011  mc_w.l(entry11a.o)
    0x08000144   0x08000144   0x00000004   Code   RO         7477    .ARM.Collect$$$$00002712  mc_w.l(entry2.o)
    0x08000148   0x08000148   0x00000096   Code   RO         1443    .emb_text           port.o
    0x080001de   0x080001de   0x00000002   PAD
    0x080001e0   0x080001e0   0x00000024   Code   RO           20    .text               startup_stm32f10x_hd.o
    0x08000204   0x08000204   0x00000024   Code   RO         7104    .text               mc_w.l(memcpya.o)
    0x08000228   0x08000228   0x00000024   Code   RO         7108    .text               mc_w.l(memseta.o)
    0x0800024c   0x0800024c   0x0000000e   Code   RO         7110    .text               mc_w.l(strlen.o)
    0x0800025a   0x0800025a   0x0000001c   Code   RO         7112    .text               mc_w.l(strcmp.o)
    0x08000276   0x08000276   0x000000b0   Code   RO         7407    .text               mf_w.l(fadd.o)
    0x08000326   0x08000326   0x00000064   Code   RO         7409    .text               mf_w.l(fmul.o)
    0x0800038a   0x0800038a   0x0000007c   Code   RO         7411    .text               mf_w.l(fdiv.o)
    0x08000406   0x08000406   0x0000014e   Code   RO         7413    .text               mf_w.l(dadd.o)
    0x08000554   0x08000554   0x000000e4   Code   RO         7415    .text               mf_w.l(dmul.o)
    0x08000638   0x08000638   0x00000012   Code   RO         7417    .text               mf_w.l(fflti.o)
    0x0800064a   0x0800064a   0x0000000a   Code   RO         7419    .text               mf_w.l(ffltui.o)
    0x08000654   0x08000654   0x00000022   Code   RO         7421    .text               mf_w.l(dflti.o)
    0x08000676   0x08000676   0x0000001a   Code   RO         7423    .text               mf_w.l(dfltui.o)
    0x08000690   0x08000690   0x00000032   Code   RO         7425    .text               mf_w.l(ffixi.o)
    0x080006c2   0x080006c2   0x00000028   Code   RO         7427    .text               mf_w.l(ffixui.o)
    0x080006ea   0x080006ea   0x00000032   Code   RO         7429    .text               mf_w.l(dfixui.o)
    0x0800071c   0x0800071c   0x00000026   Code   RO         7431    .text               mf_w.l(f2d.o)
    0x08000742   0x08000742   0x00000002   PAD
    0x08000744   0x08000744   0x00000030   Code   RO         7433    .text               mf_w.l(cdcmple.o)
    0x08000774   0x08000774   0x00000030   Code   RO         7435    .text               mf_w.l(cdrcmple.o)
    0x080007a4   0x080007a4   0x00000038   Code   RO         7437    .text               mf_w.l(d2f.o)
    0x080007dc   0x080007dc   0x00000014   Code   RO         7439    .text               mf_w.l(cfcmple.o)
    0x080007f0   0x080007f0   0x00000014   Code   RO         7441    .text               mf_w.l(cfrcmple.o)
    0x08000804   0x08000804   0x0000002c   Code   RO         7492    .text               mc_w.l(uidiv.o)
    0x08000830   0x08000830   0x00000062   Code   RO         7494    .text               mc_w.l(uldiv.o)
    0x08000892   0x08000892   0x0000001e   Code   RO         7496    .text               mc_w.l(llshl.o)
    0x080008b0   0x080008b0   0x00000020   Code   RO         7498    .text               mc_w.l(llushr.o)
    0x080008d0   0x080008d0   0x00000024   Code   RO         7500    .text               mc_w.l(llsshr.o)
    0x080008f4   0x080008f4   0x00000000   Code   RO         7511    .text               mc_w.l(iusefp.o)
    0x080008f4   0x080008f4   0x0000006e   Code   RO         7512    .text               mf_w.l(fepilogue.o)
    0x08000962   0x08000962   0x000000ba   Code   RO         7514    .text               mf_w.l(depilogue.o)
    0x08000a1c   0x08000a1c   0x000000de   Code   RO         7516    .text               mf_w.l(ddiv.o)
    0x08000afa   0x08000afa   0x0000002e   Code   RO         7518    .text               mf_w.l(dscalb.o)
    0x08000b28   0x08000b28   0x000000a2   Code   RO         7520    .text               mf_w.l(dsqrt.o)
    0x08000bca   0x08000bca   0x00000030   Code   RO         7522    .text               mf_w.l(dfixul.o)
    0x08000bfa   0x08000bfa   0x00000002   PAD
    0x08000bfc   0x08000bfc   0x00000024   Code   RO         7524    .text               mc_w.l(init.o)
    0x08000c20   0x08000c20   0x00000056   Code   RO         7536    .text               mc_w.l(__dczerorl2.o)
    0x08000c76   0x08000c76   0x00000016   Code   RO         1562    i.ADC_Cmd           stm32f10x_adc.o
    0x08000c8c   0x08000c8c   0x00000016   Code   RO         1563    i.ADC_DMACmd        stm32f10x_adc.o
    0x08000ca2   0x08000ca2   0x00000002   PAD
    0x08000ca4   0x08000ca4   0x0000005c   Code   RO         1564    i.ADC_DeInit        stm32f10x_adc.o
    0x08000d00   0x08000d00   0x00000014   Code   RO         1570    i.ADC_GetCalibrationStatus  stm32f10x_adc.o
    0x08000d14   0x08000d14   0x00000008   Code   RO         1571    i.ADC_GetConversionValue  stm32f10x_adc.o
    0x08000d1c   0x08000d1c   0x00000012   Code   RO         1573    i.ADC_GetFlagStatus  stm32f10x_adc.o
    0x08000d2e   0x08000d2e   0x00000014   Code   RO         1576    i.ADC_GetResetCalibrationStatus  stm32f10x_adc.o
    0x08000d42   0x08000d42   0x00000002   PAD
    0x08000d44   0x08000d44   0x00000050   Code   RO         1580    i.ADC_Init          stm32f10x_adc.o
    0x08000d94   0x08000d94   0x000000b8   Code   RO         1584    i.ADC_RegularChannelConfig  stm32f10x_adc.o
    0x08000e4c   0x08000e4c   0x0000000a   Code   RO         1585    i.ADC_ResetCalibration  stm32f10x_adc.o
    0x08000e56   0x08000e56   0x00000016   Code   RO         1587    i.ADC_SoftwareStartConvCmd  stm32f10x_adc.o
    0x08000e6c   0x08000e6c   0x0000000a   Code   RO         1589    i.ADC_StartCalibration  stm32f10x_adc.o
    0x08000e76   0x08000e76   0x00000002   PAD
    0x08000e78   0x08000e78   0x00000074   Code   RO         6807    i.AntiBackflowTask  app_tasks.o
    0x08000eec   0x08000eec   0x00000004   Code   RO         6988    i.BusFault_Handler  stm32f10x_it.o
    0x08000ef0   0x08000ef0   0x0000000a   Code   RO         5901    i.CT_Delay          ctiic.o
    0x08000efa   0x08000efa   0x00000002   PAD
    0x08000efc   0x08000efc   0x00000054   Code   RO         5902    i.CT_IIC_Ack        ctiic.o
    0x08000f50   0x08000f50   0x00000050   Code   RO         5903    i.CT_IIC_Init       ctiic.o
    0x08000fa0   0x08000fa0   0x00000054   Code   RO         5904    i.CT_IIC_NAck       ctiic.o
    0x08000ff4   0x08000ff4   0x00000070   Code   RO         5905    i.CT_IIC_Read_Byte  ctiic.o
    0x08001064   0x08001064   0x00000064   Code   RO         5906    i.CT_IIC_Send_Byte  ctiic.o
    0x080010c8   0x080010c8   0x0000004c   Code   RO         5907    i.CT_IIC_Start      ctiic.o
    0x08001114   0x08001114   0x00000048   Code   RO         5908    i.CT_IIC_Stop       ctiic.o
    0x0800115c   0x0800115c   0x00000064   Code   RO         5909    i.CT_IIC_Wait_Ack   ctiic.o
    0x080011c0   0x080011c0   0x00000028   Code   RO         6282    i.Constrain         windspeed.o
    0x080011e8   0x080011e8   0x0000001c   Code   RO         2245    i.DMA_ClearFlag     stm32f10x_dma.o
    0x08001204   0x08001204   0x00000018   Code   RO         2247    i.DMA_Cmd           stm32f10x_dma.o
    0x0800121c   0x0800121c   0x0000014c   Code   RO         2248    i.DMA_DeInit        stm32f10x_dma.o
    0x08001368   0x08001368   0x0000002c   Code   RO         2250    i.DMA_GetFlagStatus  stm32f10x_dma.o
    0x08001394   0x08001394   0x0000003c   Code   RO         2253    i.DMA_Init          stm32f10x_dma.o
    0x080013d0   0x080013d0   0x00000004   Code   RO         2254    i.DMA_SetCurrDataCounter  stm32f10x_dma.o
    0x080013d4   0x080013d4   0x00000002   Code   RO         6989    i.DebugMon_Handler  stm32f10x_it.o
    0x080013d6   0x080013d6   0x00000002   PAD
    0x080013d8   0x080013d8   0x00000034   Code   RO         2556    i.FSMC_NORSRAMCmd   stm32f10x_fsmc.o
    0x0800140c   0x0800140c   0x000000e6   Code   RO         2558    i.FSMC_NORSRAMInit  stm32f10x_fsmc.o
    0x080014f2   0x080014f2   0x00000058   Code   RO         5964    i.FT5206_RD_Reg     ft5206.o
    0x0800154a   0x0800154a   0x00000052   Code   RO         5965    i.FT5206_WR_Reg     ft5206.o
    0x0800159c   0x0800159c   0x00000116   Code   RO         2671    i.GPIO_Init         stm32f10x_gpio.o
    0x080016b2   0x080016b2   0x00000002   PAD
    0x080016b4   0x080016b4   0x00000060   Code   RO         4487    i.GPIO_RCC          gpio.o
    0x08001714   0x08001714   0x00000012   Code   RO         2675    i.GPIO_ReadInputDataBit  stm32f10x_gpio.o
    0x08001726   0x08001726   0x00000012   Code   RO         2677    i.GPIO_ReadOutputDataBit  stm32f10x_gpio.o
    0x08001738   0x08001738   0x00000004   Code   RO         2678    i.GPIO_ResetBits    stm32f10x_gpio.o
    0x0800173c   0x0800173c   0x00000004   Code   RO         2679    i.GPIO_SetBits      stm32f10x_gpio.o
    0x08001740   0x08001740   0x00000062   Code   RO         6002    i.GT9147_RD_Reg     gt9147.o
    0x080017a2   0x080017a2   0x00000002   PAD
    0x080017a4   0x080017a4   0x0000005c   Code   RO         6003    i.GT9147_Send_Cfg   gt9147.o
    0x08001800   0x08001800   0x0000005c   Code   RO         6004    i.GT9147_WR_Reg     gt9147.o
    0x0800185c   0x0800185c   0x00000158   Code   RO         6082    i.GUI_DrawCircle    gui.o
    0x080019b4   0x080019b4   0x000000ae   Code   RO         6086    i.GUI_DrawLine      gui.o
    0x08001a62   0x08001a62   0x00000020   Code   RO         6093    i.GUI_GetFontWidth  gui.o
    0x08001a82   0x08001a82   0x00000016   Code   RO         6095    i.GUI_Pow           gui.o
    0x08001a98   0x08001a98   0x00000134   Code   RO         6097    i.GUI_ShowChar      gui.o
    0x08001bcc   0x08001bcc   0x000000c6   Code   RO         6098    i.GUI_ShowNum       gui.o
    0x08001c92   0x08001c92   0x00000074   Code   RO         6099    i.GUI_ShowString    gui.o
    0x08001d06   0x08001d06   0x00000002   PAD
    0x08001d08   0x08001d08   0x0000003c   Code   RO         6101    i.GUI_WritePixel    gui.o
    0x08001d44   0x08001d44   0x00000174   Code   RO         6102    i.GUI_WritePixel_Fast  gui.o
    0x08001eb8   0x08001eb8   0x00000004   Code   RO         6990    i.HardFault_Handler  stm32f10x_it.o
    0x08001ebc   0x08001ebc   0x00000070   Code   RO         6948    i.Hardware_Init     main.o
    0x08001f2c   0x08001f2c   0x00000018   Code   RO         2785    i.I2C_Cmd           stm32f10x_i2c.o
    0x08001f44   0x08001f44   0x00000038   Code   RO         2788    i.I2C_DeInit        stm32f10x_i2c.o
    0x08001f7c   0x08001f7c   0x000002e4   Code   RO         4603    i.I2C_GenerateACK   i2c.o
    0x08002260   0x08002260   0x000000ec   Code   RO         2799    i.I2C_Init          stm32f10x_i2c.o
    0x0800234c   0x0800234c   0x000002e4   Code   RO         4604    i.I2C_NGenerateACK  i2c.o
    0x08002630   0x08002630   0x000002a8   Code   RO         4605    i.I2C_ReadByte      i2c.o
    0x080028d8   0x080028d8   0x000003a0   Code   RO         4606    i.I2C_SendByte      i2c.o
    0x08002c78   0x08002c78   0x000002e4   Code   RO         4607    i.I2C_Start         i2c.o
    0x08002f5c   0x08002f5c   0x000002e4   Code   RO         4608    i.I2C_Stop          i2c.o
    0x08003240   0x08003240   0x00000300   Code   RO         4609    i.I2C_WaitACK       i2c.o
    0x08003540   0x08003540   0x0000000e   Code   RO         6808    i.KeyScanTask       app_tasks.o
    0x0800354e   0x0800354e   0x0000000c   Code   RO         5260    i.Key_drv_deinit_all  key.o
    0x0800355a   0x0800355a   0x0000000e   Code   RO         5261    i.Key_drv_read      key.o
    0x08003568   0x08003568   0x0000000e   Code   RO         5262    i.Key_drv_selftest  key.o
    0x08003576   0x08003576   0x0000000e   Code   RO         5263    i.Key_drv_sleep     key.o
    0x08003584   0x08003584   0x0000000e   Code   RO         5264    i.Key_drv_wakeup    key.o
    0x08003592   0x08003592   0x00000002   PAD
    0x08003594   0x08003594   0x00000314   Code   RO         6809    i.LCDDispUITask     app_tasks.o
    0x080038a8   0x080038a8   0x00000074   Code   RO         5626    i.LCD_ClearAll      lcd.o
    0x0800391c   0x0800391c   0x000001f8   Code   RO         5630    i.LCD_Display_Dir   lcd.o
    0x08003b14   0x08003b14   0x000000c4   Code   RO         5631    i.LCD_FSMC_Init     lcd.o
    0x08003bd8   0x08003bd8   0x00004a74   Code   RO         5632    i.LCD_ILI9341_Init  lcd.o
    0x0800864c   0x0800864c   0x00000010   Code   RO         5633    i.LCD_Rel_Cfg       lcd.o
    0x0800865c   0x0800865c   0x000002dc   Code   RO         5634    i.LCD_Scan_Dir      lcd.o
    0x08008938   0x08008938   0x000001fc   Code   RO         5635    i.LCD_SetCursor     lcd.o
    0x08008b34   0x08008b34   0x0000000c   Code   RO         5215    i.LED_onChipCfg     led.o
    0x08008b40   0x08008b40   0x00000004   Code   RO         6991    i.MemManage_Handler  stm32f10x_it.o
    0x08008b44   0x08008b44   0x00000200   Code   RO         6810    i.MotorControlTask  app_tasks.o
    0x08008d44   0x08008d44   0x00000030   Code   RO         6811    i.MotorSpeedCalcTask  app_tasks.o
    0x08008d74   0x08008d74   0x00000002   Code   RO         6992    i.NMI_Handler       stm32f10x_it.o
    0x08008d76   0x08008d76   0x00000002   PAD
    0x08008d78   0x08008d78   0x00000018   Code   RO         4488    i.NVIC_DisableIRQ   gpio.o
    0x08008d90   0x08008d90   0x00000070   Code   RO         1520    i.NVIC_Init         misc.o
    0x08008e00   0x08008e00   0x00000014   Code   RO         1521    i.NVIC_PriorityGroupConfig  misc.o
    0x08008e14   0x08008e14   0x00000062   Code   RO         6042    i.OTT2001A_RD_Reg   ott2001a.o
    0x08008e76   0x08008e76   0x0000001c   Code   RO         6043    i.OTT2001A_SensorControl  ott2001a.o
    0x08008e92   0x08008e92   0x0000005c   Code   RO         6044    i.OTT2001A_WR_Reg   ott2001a.o
    0x08008eee   0x08008eee   0x00000002   PAD
    0x08008ef0   0x08008ef0   0x00000104   Code   RO         6812    i.PIDDebugTask      app_tasks.o
    0x08008ff4   0x08008ff4   0x000000a6   Code   RO         6734    i.PID_Calculate     pid_service.o
    0x0800909a   0x0800909a   0x0000003c   Code   RO         6735    i.PID_Init          pid_service.o
    0x080090d6   0x080090d6   0x00000004   Code   RO         6737    i.PID_SetTarget     pid_service.o
    0x080090da   0x080090da   0x00000002   PAD
    0x080090dc   0x080090dc   0x00000018   Code   RO         3085    i.RCC_ADCCLKConfig  stm32f10x_rcc.o
    0x080090f4   0x080090f4   0x00000020   Code   RO         3086    i.RCC_AHBPeriphClockCmd  stm32f10x_rcc.o
    0x08009114   0x08009114   0x00000020   Code   RO         3087    i.RCC_APB1PeriphClockCmd  stm32f10x_rcc.o
    0x08009134   0x08009134   0x00000020   Code   RO         3088    i.RCC_APB1PeriphResetCmd  stm32f10x_rcc.o
    0x08009154   0x08009154   0x00000020   Code   RO         3089    i.RCC_APB2PeriphClockCmd  stm32f10x_rcc.o
    0x08009174   0x08009174   0x00000020   Code   RO         3090    i.RCC_APB2PeriphResetCmd  stm32f10x_rcc.o
    0x08009194   0x08009194   0x000000d4   Code   RO         3097    i.RCC_GetClocksFreq  stm32f10x_rcc.o
    0x08009268   0x08009268   0x00000188   Code   RO         6813    i.SensorTask        app_tasks.o
    0x080093f0   0x080093f0   0x00000008   Code   RO         7033    i.SetSysClock       system_stm32f10x.o
    0x080093f8   0x080093f8   0x000000e0   Code   RO         7034    i.SetSysClockTo72   system_stm32f10x.o
    0x080094d8   0x080094d8   0x00000034   Code   RO         6949    i.Software_Init     main.o
    0x0800950c   0x0800950c   0x00000014   Code   RO         6950    i.Software_LCD_Init  main.o
    0x08009520   0x08009520   0x00000028   Code   RO         6951    i.Software_Sensor_Init  main.o
    0x08009548   0x08009548   0x00000190   Code   RO         6814    i.StartTask         app_tasks.o
    0x080096d8   0x080096d8   0x0000002c   Code   RO         6815    i.StartTask_Create  app_tasks.o
    0x08009704   0x08009704   0x00000028   Code   RO         1524    i.SysTick_CLKSourceConfig  misc.o
    0x0800972c   0x0800972c   0x00000010   Code   RO         5139    i.SysTick_Handler   delay.o
    0x0800973c   0x0800973c   0x00000060   Code   RO         7036    i.SystemInit        system_stm32f10x.o
    0x0800979c   0x0800979c   0x00000064   Code   RO         6816    i.System_Init       app_tasks.o
    0x08009800   0x08009800   0x0000007c   Code   RO         6817    i.System_SwitchMode  app_tasks.o
    0x0800987c   0x0800987c   0x00000048   Code   RO         6818    i.System_SwitchSpeedLevel  app_tasks.o
    0x080098c4   0x080098c4   0x000000b4   Code   RO         6819    i.System_ToggleMotor  app_tasks.o
    0x08009978   0x08009978   0x00000080   Code   RO         3705    i.TI1_Config        stm32f10x_tim.o
    0x080099f8   0x080099f8   0x00000098   Code   RO         3706    i.TI2_Config        stm32f10x_tim.o
    0x08009a90   0x08009a90   0x00000090   Code   RO         3707    i.TI3_Config        stm32f10x_tim.o
    0x08009b20   0x08009b20   0x00000098   Code   RO         3708    i.TI4_Config        stm32f10x_tim.o
    0x08009bb8   0x08009bb8   0x0000003c   Code   RO         6820    i.TIM2_IRQHandler   app_tasks.o
    0x08009bf4   0x08009bf4   0x00000048   Code   RO         6821    i.TIM4_IRQHandler   app_tasks.o
    0x08009c3c   0x08009c3c   0x00000020   Code   RO         3710    i.TIM_BDTRConfig    stm32f10x_tim.o
    0x08009c5c   0x08009c5c   0x00000012   Code   RO         3711    i.TIM_BDTRStructInit  stm32f10x_tim.o
    0x08009c6e   0x08009c6e   0x0000001e   Code   RO         3713    i.TIM_CCxCmd        stm32f10x_tim.o
    0x08009c8c   0x08009c8c   0x0000001e   Code   RO         3714    i.TIM_CCxNCmd       stm32f10x_tim.o
    0x08009caa   0x08009caa   0x00000006   Code   RO         3716    i.TIM_ClearITPendingBit  stm32f10x_tim.o
    0x08009cb0   0x08009cb0   0x00000018   Code   RO         3721    i.TIM_Cmd           stm32f10x_tim.o
    0x08009cc8   0x08009cc8   0x0000001e   Code   RO         3723    i.TIM_CtrlPWMOutputs  stm32f10x_tim.o
    0x08009ce6   0x08009ce6   0x00000042   Code   RO         3730    i.TIM_EncoderInterfaceConfig  stm32f10x_tim.o
    0x08009d28   0x08009d28   0x00000078   Code   RO         4907    i.TIM_GPIO_Config   tim.o
    0x08009da0   0x08009da0   0x00000198   Code   RO         4908    i.TIM_GPIO_GetMsg   tim.o
    0x08009f38   0x08009f38   0x000002bc   Code   RO         4909    i.TIM_GeneralInit   tim.o
    0x0800a1f4   0x0800a1f4   0x00000006   Code   RO         3740    i.TIM_GetCounter    stm32f10x_tim.o
    0x0800a1fa   0x0800a1fa   0x0000000a   Code   RO         5439    i.TIM_GetDirection  motor.o
    0x0800a204   0x0800a204   0x00000022   Code   RO         3742    i.TIM_GetITStatus   stm32f10x_tim.o
    0x0800a226   0x0800a226   0x00000002   PAD
    0x0800a228   0x0800a228   0x000000ac   Code   RO         3744    i.TIM_ICInit        stm32f10x_tim.o
    0x0800a2d4   0x0800a2d4   0x00000012   Code   RO         3746    i.TIM_ITConfig      stm32f10x_tim.o
    0x0800a2e6   0x0800a2e6   0x00000002   PAD
    0x0800a2e8   0x0800a2e8   0x000000ac   Code   RO         4911    i.TIM_NVIC_Config   tim.o
    0x0800a394   0x0800a394   0x00000098   Code   RO         3750    i.TIM_OC1Init       stm32f10x_tim.o
    0x0800a42c   0x0800a42c   0x00000012   Code   RO         3753    i.TIM_OC1PreloadConfig  stm32f10x_tim.o
    0x0800a43e   0x0800a43e   0x00000002   PAD
    0x0800a440   0x0800a440   0x000000a4   Code   RO         3755    i.TIM_OC2Init       stm32f10x_tim.o
    0x0800a4e4   0x0800a4e4   0x0000001a   Code   RO         3758    i.TIM_OC2PreloadConfig  stm32f10x_tim.o
    0x0800a4fe   0x0800a4fe   0x00000002   PAD
    0x0800a500   0x0800a500   0x000000a0   Code   RO         3760    i.TIM_OC3Init       stm32f10x_tim.o
    0x0800a5a0   0x0800a5a0   0x00000012   Code   RO         3763    i.TIM_OC3PreloadConfig  stm32f10x_tim.o
    0x0800a5b2   0x0800a5b2   0x00000002   PAD
    0x0800a5b4   0x0800a5b4   0x0000007c   Code   RO         3765    i.TIM_OC4Init       stm32f10x_tim.o
    0x0800a630   0x0800a630   0x0000001a   Code   RO         3767    i.TIM_OC4PreloadConfig  stm32f10x_tim.o
    0x0800a64a   0x0800a64a   0x00000004   Code   RO         3782    i.TIM_SetCompare1   stm32f10x_tim.o
    0x0800a64e   0x0800a64e   0x00000012   Code   RO         3787    i.TIM_SetIC1Prescaler  stm32f10x_tim.o
    0x0800a660   0x0800a660   0x0000001a   Code   RO         3788    i.TIM_SetIC2Prescaler  stm32f10x_tim.o
    0x0800a67a   0x0800a67a   0x00000012   Code   RO         3789    i.TIM_SetIC3Prescaler  stm32f10x_tim.o
    0x0800a68c   0x0800a68c   0x0000001a   Code   RO         3790    i.TIM_SetIC4Prescaler  stm32f10x_tim.o
    0x0800a6a6   0x0800a6a6   0x00000002   PAD
    0x0800a6a8   0x0800a6a8   0x000000a4   Code   RO         3792    i.TIM_TimeBaseInit  stm32f10x_tim.o
    0x0800a74c   0x0800a74c   0x000000c8   Code   RO         5440    i.TIM_motorDrive_Init  motor.o
    0x0800a814   0x0800a814   0x000000d0   Code   RO         5441    i.TIM_motorEncoder_Init  motor.o
    0x0800a8e4   0x0800a8e4   0x00000010   Code   RO         5442    i.TIM_motorSpeedCalc_Init  motor.o
    0x0800a8f4   0x0800a8f4   0x00000094   Code   RO         5793    i.TP_Read_AD        touch.o
    0x0800a988   0x0800a988   0x00000078   Code   RO         5794    i.TP_Read_XOY       touch.o
    0x0800aa00   0x0800aa00   0x0000004c   Code   RO         5795    i.TP_Write_Byte     touch.o
    0x0800aa4c   0x0800aa4c   0x00000050   Code   RO         6822    i.UART4_IRQHandler  app_tasks.o
    0x0800aa9c   0x0800aa9c   0x00000018   Code   RO         4257    i.USART_Cmd         stm32f10x_usart.o
    0x0800aab4   0x0800aab4   0x00000012   Code   RO         4258    i.USART_DMACmd      stm32f10x_usart.o
    0x0800aac6   0x0800aac6   0x00000054   Code   RO         4261    i.USART_GetITStatus  stm32f10x_usart.o
    0x0800ab1a   0x0800ab1a   0x00000002   PAD
    0x0800ab1c   0x0800ab1c   0x000000d8   Code   RO         4264    i.USART_Init        stm32f10x_usart.o
    0x0800abf4   0x0800abf4   0x0000000a   Code   RO         4271    i.USART_ReceiveData  stm32f10x_usart.o
    0x0800abfe   0x0800abfe   0x00000004   Code   RO         6993    i.UsageFault_Handler  stm32f10x_it.o
    0x0800ac02   0x0800ac02   0x00000002   PAD
    0x0800ac04   0x0800ac04   0x000000cc   Code   RO         6823    i.VofaParaPrintTask  app_tasks.o
    0x0800acd0   0x0800acd0   0x00000070   Code   RO         6824    i.WindSpeedTask     app_tasks.o
    0x0800ad40   0x0800ad40   0x0000000c   Code   RO         6284    i.WindSpeed_GetPWM  windspeed.o
    0x0800ad4c   0x0800ad4c   0x0000003c   Code   RO         6285    i.WindSpeed_GetPWMCompare  windspeed.o
    0x0800ad88   0x0800ad88   0x00000016   Code   RO         6286    i.WindSpeed_GetTargetRPM  windspeed.o
    0x0800ad9e   0x0800ad9e   0x00000002   PAD
    0x0800ada0   0x0800ada0   0x00000018   Code   RO         6287    i.WindSpeed_Init    windspeed.o
    0x0800adb8   0x0800adb8   0x0000000c   Code   RO         6288    i.WindSpeed_IsCookingEvent  windspeed.o
    0x0800adc4   0x0800adc4   0x00000138   Code   RO         6289    i.WindSpeed_Update  windspeed.o
    0x0800aefc   0x0800aefc   0x00000020   Code   RO         7351    i.__0printf         mc_w.l(printfa.o)
    0x0800af1c   0x0800af1c   0x00000034   Code   RO         7352    i.__0snprintf       mc_w.l(printfa.o)
    0x0800af50   0x0800af50   0x00000028   Code   RO         7353    i.__0sprintf        mc_w.l(printfa.o)
    0x0800af78   0x0800af78   0x00000028   Code   RO         7460    i.__ARM_fpclassify  m_ws.l(fpclassify.o)
    0x0800afa0   0x0800afa0   0x000000aa   Code   RO         7462    i.__kernel_poly     m_ws.l(poly.o)
    0x0800b04a   0x0800b04a   0x00000002   PAD
    0x0800b04c   0x0800b04c   0x00000010   Code   RO         7446    i.__mathlib_dbl_divzero  m_ws.l(dunder.o)
    0x0800b05c   0x0800b05c   0x00000004   Code   RO         7448    i.__mathlib_dbl_infnan2  m_ws.l(dunder.o)
    0x0800b060   0x0800b060   0x0000000c   Code   RO         7449    i.__mathlib_dbl_invalid  m_ws.l(dunder.o)
    0x0800b06c   0x0800b06c   0x0000000e   Code   RO         7450    i.__mathlib_dbl_overflow  m_ws.l(dunder.o)
    0x0800b07a   0x0800b07a   0x00000002   PAD
    0x0800b07c   0x0800b07c   0x00000010   Code   RO         7452    i.__mathlib_dbl_underflow  m_ws.l(dunder.o)
    0x0800b08c   0x0800b08c   0x0000000e   Code   RO         7530    i.__scatterload_copy  mc_w.l(handlers.o)
    0x0800b09a   0x0800b09a   0x00000002   Code   RO         7531    i.__scatterload_null  mc_w.l(handlers.o)
    0x0800b09c   0x0800b09c   0x0000000e   Code   RO         7532    i.__scatterload_zeroinit  mc_w.l(handlers.o)
    0x0800b0aa   0x0800b0aa   0x00000002   PAD
    0x0800b0ac   0x0800b0ac   0x0000000c   Code   RO         7506    i.__set_errno       mc_w.l(errno.o)
    0x0800b0b8   0x0800b0b8   0x00000184   Code   RO         7358    i._fp_digits        mc_w.l(printfa.o)
    0x0800b23c   0x0800b23c   0x000006b4   Code   RO         7359    i._printf_core      mc_w.l(printfa.o)
    0x0800b8f0   0x0800b8f0   0x00000024   Code   RO         7360    i._printf_post_padding  mc_w.l(printfa.o)
    0x0800b914   0x0800b914   0x0000002e   Code   RO         7361    i._printf_pre_padding  mc_w.l(printfa.o)
    0x0800b942   0x0800b942   0x00000016   Code   RO         7362    i._snputc           mc_w.l(printfa.o)
    0x0800b958   0x0800b958   0x0000000a   Code   RO         7363    i._sputc            mc_w.l(printfa.o)
    0x0800b962   0x0800b962   0x00000002   PAD
    0x0800b964   0x0800b964   0x000000a0   Code   RO         4680    i.adc_ch_register   adc.o
    0x0800ba04   0x0800ba04   0x0000006c   Code   RO         4681    i.adc_clk_init      adc.o
    0x0800ba70   0x0800ba70   0x0000008c   Code   RO         4682    i.adc_dma_cfg       adc.o
    0x0800bafc   0x0800bafc   0x000000ac   Code   RO         4684    i.adc_gpio_init     adc.o
    0x0800bba8   0x0800bba8   0x00000230   Code   RO         4685    i.adc_gpio_register  adc.o
    0x0800bdd8   0x0800bdd8   0x000000b2   Code   RO         4686    i.adc_onChipPeriph_cfg  adc.o
    0x0800be8a   0x0800be8a   0x00000002   PAD
    0x0800be8c   0x0800be8c   0x0000012c   Code   RO         4688    i.adc_read_single   adc.o
    0x0800bfb8   0x0800bfb8   0x00000010   Code   RO         6416    i.aht20_adapter_register  aht20_adp.o
    0x0800bfc8   0x0800bfc8   0x00000030   Code   RO         6417    i.aht20_adp_init    aht20_adp.o
    0x0800bff8   0x0800bff8   0x000000a8   Code   RO         6418    i.aht20_adp_read    aht20_adp.o
    0x0800c0a0   0x0800c0a0   0x00000138   Code   RO         5525    i.aht20_driver_calibrate  aht20.o
    0x0800c1d8   0x0800c1d8   0x00000020   Code   RO         5526    i.aht20_driver_init  aht20.o
    0x0800c1f8   0x0800c1f8   0x000000bc   Code   RO         5527    i.aht20_driver_read_raw  aht20.o
    0x0800c2b4   0x0800c2b4   0x00000050   Code   RO         5528    i.aht20_driver_trigger_measure  aht20.o
    0x0800c304   0x0800c304   0x00000010   Code   RO         5529    i.aht20_onChip_init  aht20.o
    0x0800c314   0x0800c314   0x00000038   Code   RO         5530    i.aht20_readStatus  aht20.o
    0x0800c34c   0x0800c34c   0x00000010   Code   RO         5780    i.at24cxx_onChipCfg  at24cxx.o
    0x0800c35c   0x0800c35c   0x00000034   Code   RO         5734    i.at24cxx_read      at24cxx.o
    0x0800c390   0x0800c390   0x00000086   Code   RO         5735    i.at24cxx_readByte  at24cxx.o
    0x0800c416   0x0800c416   0x00000036   Code   RO         5737    i.at24cxx_write     at24cxx.o
    0x0800c44c   0x0800c44c   0x0000007c   Code   RO         5738    i.at24cxx_writeByte  at24cxx.o
    0x0800c4c8   0x0800c4c8   0x0000004c   Code   RO         6224    i.buzzer_beep       buzzer.o
    0x0800c514   0x0800c514   0x0000004e   Code   RO         6225    i.buzzer_beep_ex    buzzer.o
    0x0800c562   0x0800c562   0x0000001e   Code   RO         6227    i.buzzer_off        buzzer.o
    0x0800c580   0x0800c580   0x0000001e   Code   RO         6228    i.buzzer_on         buzzer.o
    0x0800c59e   0x0800c59e   0x00000034   Code   RO         6229    i.buzzer_onChipCfg  buzzer.o
    0x0800c5d2   0x0800c5d2   0x0000004e   Code   RO         6230    i.buzzer_toggle     buzzer.o
    0x0800c620   0x0800c620   0x0000005c   Code   RO         5140    i.delay_init        delay.o
    0x0800c67c   0x0800c67c   0x00000040   Code   RO         5141    i.delay_ms          delay.o
    0x0800c6bc   0x0800c6bc   0x00000048   Code   RO         5142    i.delay_us          delay.o
    0x0800c704   0x0800c704   0x0000001c   Code   RO         6350    i.fputc             usart_driver.o
    0x0800c720   0x0800c720   0x0000012c   Code   RO         5966    i.ft5206_init       ft5206.o
    0x0800c84c   0x0800c84c   0x00000204   Code   RO         5967    i.ft5206_scan       ft5206.o
    0x0800ca50   0x0800ca50   0x00000018   Code   RO         4489    i.getIRQ_fromLine   gpio.o
    0x0800ca68   0x0800ca68   0x0000000c   Code   RO         6231    i.get_currentLevel  buzzer.o
    0x0800ca74   0x0800ca74   0x00000014   Code   RO         6614    i.get_effective_policy  key_service.o
    0x0800ca88   0x0800ca88   0x00000018   Code   RO         5443    i.get_encoder_value  motor.o
    0x0800caa0   0x0800caa0   0x000001b0   Code   RO         6005    i.gt9147_init       gt9147.o
    0x0800cc50   0x0800cc50   0x00000268   Code   RO         6006    i.gt9147_scan       gt9147.o
    0x0800ceb8   0x0800ceb8   0x0000002e   Code   RO         4610    i.i2c_onChipPeriph_cfg  i2c.o
    0x0800cee6   0x0800cee6   0x00000002   PAD
    0x0800cee8   0x0800cee8   0x00000054   Code   RO         4611    i.i2c_paras_cfg     i2c.o
    0x0800cf3c   0x0800cf3c   0x000000b8   Code   RO         4490    i.io_deset          gpio.o
    0x0800cff4   0x0800cff4   0x00000074   Code   RO         4491    i.io_deset_all      gpio.o
    0x0800d068   0x0800d068   0x0000009c   Code   RO         4493    i.io_getMode        gpio.o
    0x0800d104   0x0800d104   0x0000000e   Code   RO         4494    i.io_getOpLevel     gpio.o
    0x0800d112   0x0800d112   0x0000002c   Code   RO         4495    i.io_getPinNumber   gpio.o
    0x0800d13e   0x0800d13e   0x0000000e   Code   RO         4577    i.io_reset_bit      gpio.o
    0x0800d14c   0x0800d14c   0x00000038   Code   RO         4496    i.io_selftest       gpio.o
    0x0800d184   0x0800d184   0x0000005c   Code   RO         4497    i.io_set            gpio.o
    0x0800d1e0   0x0800d1e0   0x0000000e   Code   RO         4571    i.io_set_bit        gpio.o
    0x0800d1ee   0x0800d1ee   0x00000002   PAD
    0x0800d1f0   0x0800d1f0   0x00000064   Code   RO         4498    i.io_sleep          gpio.o
    0x0800d254   0x0800d254   0x00000078   Code   RO         4500    i.io_wkup           gpio.o
    0x0800d2cc   0x0800d2cc   0x00000012   Code   RO         4583    i.io_write_bit      gpio.o
    0x0800d2de   0x0800d2de   0x00000002   PAD
    0x0800d2e0   0x0800d2e0   0x00000024   Code   RO         6492    i.key_adp_init      key_adp.o
    0x0800d304   0x0800d304   0x00000018   Code   RO         6493    i.key_adp_register  key_adp.o
    0x0800d31c   0x0800d31c   0x00000068   Code   RO         6616    i.key_dispatch_event  key_service.o
    0x0800d384   0x0800d384   0x0000000c   Code   RO         5265    i.key_drv_init      key.o
    0x0800d390   0x0800d390   0x000000b0   Code   RO         6825    i.key_eventCallback  app_tasks.o
    0x0800d440   0x0800d440   0x00000048   Code   RO         6621    i.key_init          key_service.o
    0x0800d488   0x0800d488   0x00000010   Code   RO         6497    i.key_ops_deinit    key_adp.o
    0x0800d498   0x0800d498   0x00000010   Code   RO         6498    i.key_ops_init      key_adp.o
    0x0800d4a8   0x0800d4a8   0x0000002e   Code   RO         6499    i.key_ops_read      key_adp.o
    0x0800d4d6   0x0800d4d6   0x00000016   Code   RO         6500    i.key_ops_selftest  key_adp.o
    0x0800d4ec   0x0800d4ec   0x0000000e   Code   RO         6501    i.key_ops_sleep     key_adp.o
    0x0800d4fa   0x0800d4fa   0x0000000e   Code   RO         6502    i.key_ops_wkup      key_adp.o
    0x0800d508   0x0800d508   0x000000b4   Code   RO         6623    i.key_read          key_service.o
    0x0800d5bc   0x0800d5bc   0x0000005c   Code   RO         6624    i.key_register      key_service.o
    0x0800d618   0x0800d618   0x000001bc   Code   RO         6625    i.key_scan          key_service.o
    0x0800d7d4   0x0800d7d4   0x00000038   Code   RO         6626    i.key_scanAll       key_service.o
    0x0800d80c   0x0800d80c   0x0000000c   Code   RO         5639    i.lcd_onChipCfg     lcd.o
    0x0800d818   0x0800d818   0x00000008   Code   RO         5105    i.log_get_tick      debug_log.o
    0x0800d820   0x0800d820   0x00000030   Code   RO         5106    i.log_output        debug_log.o
    0x0800d850   0x0800d850   0x00000010   Code   RO         6351    i.log_uartOnChipCfg  usart_driver.o
    0x0800d860   0x0800d860   0x00000064   Code   RO         6352    i.log_uart_dma_tx_init  usart_driver.o
    0x0800d8c4   0x0800d8c4   0x00000044   Code   RO         6353    i.log_uart_gpio_init  usart_driver.o
    0x0800d908   0x0800d908   0x00000040   Code   RO         6354    i.log_uart_init     usart_driver.o
    0x0800d948   0x0800d948   0x00000080   Code   RO         6355    i.log_usart_sendData_dma  usart_driver.o
    0x0800d9c8   0x0800d9c8   0x00000018   Code   RO         6952    i.main              main.o
    0x0800d9e0   0x0800d9e0   0x0000003c   Code   RO         5444    i.motor_dir_ctrl    motor.o
    0x0800da1c   0x0800da1c   0x00000164   Code   RO         5445    i.motor_getSpeed    motor.o
    0x0800db80   0x0800db80   0x00000018   Code   RO         5446    i.motor_init        motor.o
    0x0800db98   0x0800db98   0x0000002e   Code   RO         5447    i.motor_setPWMDuty  motor.o
    0x0800dbc6   0x0800dbc6   0x00000002   PAD
    0x0800dbc8   0x0800dbc8   0x00000018   Code   RO         5448    i.motor_speedCtrl   motor.o
    0x0800dbe0   0x0800dbe0   0x00000010   Code   RO         5449    i.motor_start       motor.o
    0x0800dbf0   0x0800dbf0   0x00000028   Code   RO         5450    i.motor_stop        motor.o
    0x0800dc18   0x0800dc18   0x00000010   Code   RO         6454    i.mq2_adapter_register  mq2_adp.o
    0x0800dc28   0x0800dc28   0x00000020   Code   RO         6455    i.mq2_adp_init      mq2_adp.o
    0x0800dc48   0x0800dc48   0x00000022   Code   RO         6456    i.mq2_adp_read      mq2_adp.o
    0x0800dc6a   0x0800dc6a   0x00000002   PAD
    0x0800dc6c   0x0800dc6c   0x000000a8   Code   RO         5572    i.mq2_calibrate_r0  mq2.o
    0x0800dd14   0x0800dd14   0x00000104   Code   RO         6457    i.mq2_data_process  mq2_adp.o
    0x0800de18   0x0800de18   0x00000024   Code   RO         5573    i.mq2_driver_init   mq2.o
    0x0800de3c   0x0800de3c   0x00000018   Code   RO         5574    i.mq2_is_alarm      mq2.o
    0x0800de54   0x0800de54   0x00000014   Code   RO         5576    i.mq2_onChip_init   mq2.o
    0x0800de68   0x0800de68   0x0000003c   Code   RO         5577    i.mq2_read          mq2.o
    0x0800dea4   0x0800dea4   0x000000b8   Code   RO         6826    i.my_atof           app_tasks.o
    0x0800df5c   0x0800df5c   0x000000a0   Code   RO         6045    i.ott2001a_init     ott2001a.o
    0x0800dffc   0x0800dffc   0x000001e0   Code   RO         6046    i.ott2001a_scan     ott2001a.o
    0x0800e1dc   0x0800e1dc   0x000009d8   Code   RO         7076    i.pow               m_ws.l(pow.o)
    0x0800ebb4   0x0800ebb4   0x000000cc   Code   RO          770    i.prvAddCurrentTaskToDelayedList  tasks.o
    0x0800ec80   0x0800ec80   0x000000f8   Code   RO          771    i.prvAddNewTaskToReadyList  tasks.o
    0x0800ed78   0x0800ed78   0x00000064   Code   RO         1193    i.prvCheckForValidListAndQueue  timers.o
    0x0800eddc   0x0800eddc   0x00000048   Code   RO          772    i.prvCheckTasksWaitingTermination  tasks.o
    0x0800ee24   0x0800ee24   0x0000002a   Code   RO          324    i.prvCopyDataFromQueue  queue.o
    0x0800ee4e   0x0800ee4e   0x0000007e   Code   RO          325    i.prvCopyDataToQueue  queue.o
    0x0800eecc   0x0800eecc   0x00000068   Code   RO          773    i.prvCreateIdleTasks  tasks.o
    0x0800ef34   0x0800ef34   0x0000005a   Code   RO          774    i.prvCreateTask     tasks.o
    0x0800ef8e   0x0800ef8e   0x00000012   Code   RO          775    i.prvDeleteTCB      tasks.o
    0x0800efa0   0x0800efa0   0x00000014   Code   RO          326    i.prvGetDisinheritPriorityAfterTimeout  queue.o
    0x0800efb4   0x0800efb4   0x00000028   Code   RO         1194    i.prvGetNextExpireTime  timers.o
    0x0800efdc   0x0800efdc   0x0000006c   Code   RO         1376    i.prvHeapInit       heap_4.o
    0x0800f048   0x0800f048   0x00000028   Code   RO          776    i.prvIdleTask       tasks.o
    0x0800f070   0x0800f070   0x0000001e   Code   RO          327    i.prvInitialiseMutex  queue.o
    0x0800f08e   0x0800f08e   0x0000002e   Code   RO          328    i.prvInitialiseNewQueue  queue.o
    0x0800f0bc   0x0800f0bc   0x000000ec   Code   RO          777    i.prvInitialiseNewTask  tasks.o
    0x0800f1a8   0x0800f1a8   0x00000068   Code   RO          778    i.prvInitialiseTaskLists  tasks.o
    0x0800f210   0x0800f210   0x000000d8   Code   RO         1377    i.prvInsertBlockIntoFreeList  heap_4.o
    0x0800f2e8   0x0800f2e8   0x00000058   Code   RO         1196    i.prvInsertTimerInActiveList  timers.o
    0x0800f340   0x0800f340   0x0000001a   Code   RO          329    i.prvIsQueueEmpty   queue.o
    0x0800f35a   0x0800f35a   0x0000001e   Code   RO          330    i.prvIsQueueFull    queue.o
    0x0800f378   0x0800f378   0x000000d0   Code   RO          331    i.prvNotifyQueueSetContainer  queue.o
    0x0800f448   0x0800f448   0x00000044   Code   RO         1197    i.prvProcessExpiredTimer  timers.o
    0x0800f48c   0x0800f48c   0x00000174   Code   RO         1198    i.prvProcessReceivedCommands  timers.o
    0x0800f600   0x0800f600   0x00000074   Code   RO         1199    i.prvProcessTimerOrBlockTask  timers.o
    0x0800f674   0x0800f674   0x00000028   Code   RO         1200    i.prvReloadTimer    timers.o
    0x0800f69c   0x0800f69c   0x00000030   Code   RO          780    i.prvResetNextTaskUnblockTime  tasks.o
    0x0800f6cc   0x0800f6cc   0x0000002c   Code   RO         1201    i.prvSampleTimeNow  timers.o
    0x0800f6f8   0x0800f6f8   0x00000044   Code   RO         1202    i.prvSwitchTimerLists  timers.o
    0x0800f73c   0x0800f73c   0x00000074   Code   RO         1444    i.prvTaskExitError  port.o
    0x0800f7b0   0x0800f7b0   0x0000001a   Code   RO         1203    i.prvTimerTask      timers.o
    0x0800f7ca   0x0800f7ca   0x00000090   Code   RO          332    i.prvUnlockQueue    queue.o
    0x0800f85a   0x0800f85a   0x00000002   PAD
    0x0800f85c   0x0800f85c   0x000001f8   Code   RO         1379    i.pvPortMalloc      heap_4.o
    0x0800fa54   0x0800fa54   0x00000014   Code   RO          785    i.pvTaskIncrementMutexHeldCount  tasks.o
    0x0800fa68   0x0800fa68   0x00000024   Code   RO         1445    i.pxPortInitialiseStack  port.o
    0x0800fa8c   0x0800fa8c   0x00000034   Code   RO         6581    i.sensor_find_by_type  sensor_service.o
    0x0800fac0   0x0800fac0   0x0000003e   Code   RO         6582    i.sensor_init       sensor_service.o
    0x0800fafe   0x0800fafe   0x00000002   PAD
    0x0800fb00   0x0800fb00   0x00000140   Code   RO         6583    i.sensor_read       sensor_service.o
    0x0800fc40   0x0800fc40   0x00000040   Code   RO         6584    i.sensor_register   sensor_service.o
    0x0800fc80   0x0800fc80   0x0000001c   Code   RO         6232    i.set_buzzerLevel   buzzer.o
    0x0800fc9c   0x0800fc9c   0x0000004c   Code   RO         7094    i.sqrt              m_ws.l(sqrt.o)
    0x0800fce8   0x0800fce8   0x00000850   Code   RO         5796    i.tp_adjust         touch.o
    0x08010538   0x08010538   0x000002d0   Code   RO         5797    i.tp_adjustInfo_show  touch.o
    0x08010808   0x08010808   0x0000007a   Code   RO         5798    i.tp_drowTouchPoint  touch.o
    0x08010882   0x08010882   0x00000002   PAD
    0x08010884   0x08010884   0x0000005c   Code   RO         5799    i.tp_getAdjustData  touch.o
    0x080108e0   0x080108e0   0x00000128   Code   RO         5800    i.tp_init           touch.o
    0x08010a08   0x08010a08   0x00000030   Code   RO         5801    i.tp_readXY         touch.o
    0x08010a38   0x08010a38   0x000000c0   Code   RO         5802    i.tp_readXY2        touch.o
    0x08010af8   0x08010af8   0x00000024   Code   RO         5803    i.tp_saveAdjustData  touch.o
    0x08010b1c   0x08010b1c   0x00000110   Code   RO         5804    i.tp_scan           touch.o
    0x08010c2c   0x08010c2c   0x00000028   Code   RO          284    i.uxListRemove      list.o
    0x08010c54   0x08010c54   0x0000000c   Code   RO          790    i.uxTaskGetNumberOfTasks  tasks.o
    0x08010c60   0x08010c60   0x0000001a   Code   RO          285    i.vListInitialise   list.o
    0x08010c7a   0x08010c7a   0x00000006   Code   RO          286    i.vListInitialiseItem  list.o
    0x08010c80   0x08010c80   0x00000034   Code   RO          287    i.vListInsert       list.o
    0x08010cb4   0x08010cb4   0x00000018   Code   RO          288    i.vListInsertEnd    list.o
    0x08010ccc   0x08010ccc   0x0000008c   Code   RO         1447    i.vPortEnterCritical  port.o
    0x08010d58   0x08010d58   0x00000074   Code   RO         1448    i.vPortExitCritical  port.o
    0x08010dcc   0x08010dcc   0x000000e0   Code   RO         1380    i.vPortFree         heap_4.o
    0x08010eac   0x08010eac   0x00000028   Code   RO         1449    i.vPortSetupTimerInterrupt  port.o
    0x08010ed4   0x08010ed4   0x000000a4   Code   RO         1450    i.vPortValidateInterruptPriority  port.o
    0x08010f78   0x08010f78   0x0000008c   Code   RO          340    i.vQueueAddToRegistry  queue.o
    0x08011004   0x08011004   0x0000004a   Code   RO          344    i.vQueueWaitForMessageRestricted  queue.o
    0x0801104e   0x0801104e   0x00000002   PAD
    0x08011050   0x08011050   0x00000084   Code   RO          796    i.vTaskDelay        tasks.o
    0x080110d4   0x080110d4   0x0000013c   Code   RO          797    i.vTaskDelete       tasks.o
    0x08011210   0x08011210   0x00000018   Code   RO          801    i.vTaskInternalSetTimeOutState  tasks.o
    0x08011228   0x08011228   0x0000000c   Code   RO          803    i.vTaskMissedYield  tasks.o
    0x08011234   0x08011234   0x00000064   Code   RO          804    i.vTaskPlaceOnEventList  tasks.o
    0x08011298   0x08011298   0x00000090   Code   RO          805    i.vTaskPlaceOnEventListRestricted  tasks.o
    0x08011328   0x08011328   0x00000140   Code   RO          807    i.vTaskPriorityDisinheritAfterTimeout  tasks.o
    0x08011468   0x08011468   0x000000a4   Code   RO          814    i.vTaskStartScheduler  tasks.o
    0x0801150c   0x0801150c   0x00000010   Code   RO          816    i.vTaskSuspendAll   tasks.o
    0x0801151c   0x0801151c   0x000000c0   Code   RO          817    i.vTaskSwitchContext  tasks.o
    0x080115dc   0x080115dc   0x00000124   Code   RO         1451    i.xPortStartScheduler  port.o
    0x08011700   0x08011700   0x00000034   Code   RO         1452    i.xPortSysTickHandler  port.o
    0x08011734   0x08011734   0x00000022   Code   RO          347    i.xQueueCreateMutex  queue.o
    0x08011756   0x08011756   0x00000002   PAD
    0x08011758   0x08011758   0x00000090   Code   RO          349    i.xQueueGenericCreate  queue.o
    0x080117e8   0x080117e8   0x000000fc   Code   RO          350    i.xQueueGenericReset  queue.o
    0x080118e4   0x080118e4   0x000001e4   Code   RO          351    i.xQueueGenericSend  queue.o
    0x08011ac8   0x08011ac8   0x00000158   Code   RO          352    i.xQueueGenericSendFromISR  queue.o
    0x08011c20   0x08011c20   0x00000130   Code   RO          353    i.xQueueGiveFromISR  queue.o
    0x08011d50   0x08011d50   0x00000180   Code   RO          359    i.xQueueReceive     queue.o
    0x08011ed0   0x08011ed0   0x000001a8   Code   RO          364    i.xQueueSemaphoreTake  queue.o
    0x08012078   0x08012078   0x000000b0   Code   RO          819    i.xTaskCheckForTimeOut  tasks.o
    0x08012128   0x08012128   0x00000038   Code   RO          820    i.xTaskCreate       tasks.o
    0x08012160   0x08012160   0x000000ec   Code   RO          821    i.xTaskDelayUntil   tasks.o
    0x0801224c   0x0801224c   0x00000020   Code   RO          828    i.xTaskGetSchedulerState  tasks.o
    0x0801226c   0x0801226c   0x0000000c   Code   RO          829    i.xTaskGetTickCount  tasks.o
    0x08012278   0x08012278   0x000001f8   Code   RO          831    i.xTaskIncrementTick  tasks.o
    0x08012470   0x08012470   0x00000118   Code   RO          832    i.xTaskPriorityDisinherit  tasks.o
    0x08012588   0x08012588   0x000000f4   Code   RO          833    i.xTaskPriorityInherit  tasks.o
    0x0801267c   0x0801267c   0x0000015c   Code   RO          834    i.xTaskRemoveFromEventList  tasks.o
    0x080127d8   0x080127d8   0x000001cc   Code   RO          835    i.xTaskResumeAll    tasks.o
    0x080129a4   0x080129a4   0x00000080   Code   RO         1212    i.xTimerCreateTimerTask  timers.o
    0x08012a24   0x08012a24   0x0000002c   Data   RO         4689    .constdata          adc.o
    0x08012a50   0x08012a50   0x0000003c   Data   RO         5287    .constdata          key.o
    0x08012a8c   0x08012a8c   0x0000003c   Data   RO         5452    .constdata          motor.o
    0x08012ac8   0x08012ac8   0x00000028   Data   RO         5531    .constdata          aht20.o
    0x08012af0   0x08012af0   0x0000000c   Data   RO         5642    .constdata          lcd.o
    0x08012afc   0x08012afc   0x0000001c   Data   RO         5740    .constdata          at24cxx.o
    0x08012b18   0x08012b18   0x0000001c   Data   RO         5805    .constdata          touch.o
    0x08012b34   0x08012b34   0x0000000a   Data   RO         5968    .constdata          ft5206.o
    0x08012b3e   0x08012b3e   0x000000c2   Data   RO         6007    .constdata          gt9147.o
    0x08012c00   0x08012c00   0x0000000a   Data   RO         6047    .constdata          ott2001a.o
    0x08012c0a   0x08012c0a   0x000017e0   Data   RO         6103    .constdata          gui.o
    0x080143ea   0x080143ea   0x00000002   PAD
    0x080143ec   0x080143ec   0x0000000c   Data   RO         6233    .constdata          buzzer.o
    0x080143f8   0x080143f8   0x00000020   Data   RO         6419    .constdata          aht20_adp.o
    0x08014418   0x08014418   0x00000020   Data   RO         6458    .constdata          mq2_adp.o
    0x08014438   0x08014438   0x00000078   Data   RO         6503    .constdata          key_adp.o
    0x080144b0   0x080144b0   0x00000088   Data   RO         7077    .constdata          m_ws.l(pow.o)
    0x08014538   0x08014538   0x00000008   Data   RO         7464    .constdata          m_ws.l(qnan.o)
    0x08014540   0x08014540   0x00000079   Data   RO         5806    .conststring        touch.o
    0x080145b9   0x080145b9   0x00000003   PAD
    0x080145bc   0x080145bc   0x00000006   Data   RO         6420    .conststring        aht20_adp.o
    0x080145c2   0x080145c2   0x00000002   PAD
    0x080145c4   0x080145c4   0x00000005   Data   RO         6459    .conststring        mq2_adp.o
    0x080145c9   0x080145c9   0x00000003   PAD
    0x080145cc   0x080145cc   0x00000020   Data   RO         6504    .conststring        key_adp.o
    0x080145ec   0x080145ec   0x00000054   Data   RO         6828    .conststring        app_tasks.o
    0x08014640   0x08014640   0x00000020   Data   RO         7528    Region$$Table       anon$$obj.o


    Execution Region RW_IRAM1 (Exec base: 0x20000000, Load base: 0x08014660, Size: 0x00003528, Max: 0x00010000, ABSOLUTE, COMPRESSED[0x00000144])

    Exec Addr    Load Addr    Size         Type   Attr      Idx    E Section Name        Object

    0x20000000   COMPRESSED   0x00000040   Data   RW          838    .data               tasks.o
    0x20000040   COMPRESSED   0x00000014   Data   RW         1223    .data               timers.o
    0x20000054   COMPRESSED   0x0000001c   Data   RW         1387    .data               heap_4.o
    0x20000070   COMPRESSED   0x0000000c   Data   RW         1453    .data               port.o
    0x2000007c   COMPRESSED   0x00000014   Data   RW         3117    .data               stm32f10x_rcc.o
    0x20000090   COMPRESSED   0x00000001   Data   RW         5108    .data               debug_log.o
    0x20000091   COMPRESSED   0x00000001   PAD
    0x20000092   COMPRESSED   0x00000004   Data   RW         5144    .data               delay.o
    0x20000096   COMPRESSED   0x00000002   PAD
    0x20000098   COMPRESSED   0x00000008   Data   RW         5181    .data               sys.o
    0x200000a0   COMPRESSED   0x00000028   Data   RW         5217    .data               led.o
    0x200000c8   COMPRESSED   0x0000003d   Data   RW         5453    .data               motor.o
    0x20000105   COMPRESSED   0x00000001   Data   RW         5532    .data               aht20.o
    0x20000106   COMPRESSED   0x00000002   PAD
    0x20000108   COMPRESSED   0x000000cc   Data   RW         5579    .data               mq2.o
    0x200001d4   COMPRESSED   0x00000005   Data   RW         5643    .data               lcd.o
    0x200001d9   COMPRESSED   0x00000003   PAD
    0x200001dc   COMPRESSED   0x00000036   Data   RW         5807    .data               touch.o
    0x20000212   COMPRESSED   0x00000001   Data   RW         5969    .data               ft5206.o
    0x20000213   COMPRESSED   0x00000001   Data   RW         6008    .data               gt9147.o
    0x20000214   COMPRESSED   0x00000001   Data   RW         6048    .data               ott2001a.o
    0x20000215   COMPRESSED   0x00000003   PAD
    0x20000218   COMPRESSED   0x00000020   Data   RW         6234    .data               buzzer.o
    0x20000238   COMPRESSED   0x00000004   Data   RW         6357    .data               usart_driver.o
    0x2000023c   COMPRESSED   0x00000048   Data   RW         6421    .data               aht20_adp.o
    0x20000284   COMPRESSED   0x00000044   Data   RW         6460    .data               mq2_adp.o
    0x200002c8   COMPRESSED   0x00000104   Data   RW         6505    .data               key_adp.o
    0x200003cc   COMPRESSED   0x00000001   Data   RW         6586    .data               sensor_service.o
    0x200003cd   COMPRESSED   0x00000003   PAD
    0x200003d0   COMPRESSED   0x0000001a   Data   RW         6633    .data               key_service.o
    0x200003ea   COMPRESSED   0x00000002   PAD
    0x200003ec   COMPRESSED   0x0000005c   Data   RW         6829    .data               app_tasks.o
    0x20000448   COMPRESSED   0x00000014   Data   RW         7037    .data               system_stm32f10x.o
    0x2000045c   COMPRESSED   0x00000004   Data   RW         7507    .data               mc_w.l(errno.o)
    0x20000460        -       0x00000040   Zero   RW          366    .bss                queue.o
    0x200004a0        -       0x000002e4   Zero   RW          837    .bss                tasks.o
    0x20000784        -       0x00000028   Zero   RW         1222    .bss                timers.o
    0x200007ac        -       0x00002800   Zero   RW         1386    .bss                heap_4.o
    0x20002fac        -       0x00000080   Zero   RW         5107    .bss                debug_log.o
    0x2000302c        -       0x00000028   Zero   RW         5451    .bss                motor.o
    0x20003054        -       0x00000010   Zero   RW         5578    .bss                mq2.o
    0x20003064        -       0x0000000e   Zero   RW         5641    .bss                lcd.o
    0x20003072   COMPRESSED   0x00000002   PAD
    0x20003074        -       0x00000018   Zero   RW         6290    .bss                windspeed.o
    0x2000308c        -       0x00000020   Zero   RW         6585    .bss                sensor_service.o
    0x200030ac        -       0x00000020   Zero   RW         6632    .bss                key_service.o
    0x200030cc        -       0x00000058   Zero   RW         6827    .bss                app_tasks.o
    0x20003124   COMPRESSED   0x00000004   PAD
    0x20003128        -       0x00000400   Zero   RW           17    STACK               startup_stm32f10x_hd.o


==============================================================================

Image component sizes


      Code (inc. data)   RO Data    RW Data    ZI Data      Debug   Object Name

      1618        328         44          0          0      25665   adc.o
       684         30         40          1          0       4280   aht20.o
       232         24         38         72          0       5089   aht20_adp.o
      3938        788         84         92         88      18049   app_tasks.o
       380          6         28          0          0       4046   at24cxx.o
       384          0         12         32          0       6353   buzzer.o
         0          0          0          0          0       4548   core_cm3.o
         0          0          0          0          0     298584   croutine.o
       718        128          0          0          0       4693   ctiic.o
        56          4          0          1        128       2450   debug_log.o
       244         26          0          4          0       2301   delay.o
         0          0          0          0          0      15576   event_groups.o
       986         90         10          1          0       3705   ft5206.o
      1072         64          0          0          0      24873   gpio.o
      1330        142        194          1          0       4578   gt9147.o
      1626         38       6112          0          0       8789   gui.o
      1052        274          0         28      10240       5143   heap_4.o
      5466        398          0          0          0       9379   i2c.o
        80          0         60          0          0       5161   key.o
       188         22        152        260          0       9376   key_adp.o
       968         52          0         26         32       8834   key_service.o
     21144        164         12          5         14      19918   lcd.o
        12          0          0         40          0       1408   led.o
       148          0          0          0          0       3318   list.o
       248         36          0          0          0       2595   main.o
       172         22          0          0          0       1981   misc.o
      1024        112         60         61         40       9469   motor.o
       308         48          0        204         16       4695   mq2.o
       342         38         37         68          0       4409   mq2_adp.o
       858         48         10          1          0       4031   ott2001a.o
       230          0          0          0          0       2899   pid_service.o
      1106        398          0         12          0      10589   port.o
      3256        494          0          0         64      20904   queue.o
       498         44          0          1         32       3580   sensor_service.o
        36          8        304          0       1024        796   startup_stm32f10x_hd.o
       508         24          0          0          0       8923   stm32f10x_adc.o
       492         26          0          0          0       4987   stm32f10x_dma.o
       282          6          0          0          0       1757   stm32f10x_fsmc.o
       322          0          0          0          0       4181   stm32f10x_gpio.o
       316         20          0          0          0       3454   stm32f10x_i2c.o
        20          0          0          0          0       2601   stm32f10x_it.o
       396         56          0         20          0       6543   stm32f10x_rcc.o
      1986        200          0          0          0      19029   stm32f10x_tim.o
       352          6          0          0          0       4648   stm32f10x_usart.o
         0          0          0          8          0       4126   sys.o
       328         28          0         20          0       2185   system_stm32f10x.o
      4964       1178          0         64        740      40484   tasks.o
      1400        112          0          0          0      25634   tim.o
      1090        212          0         20         40      13736   timers.o
      4250        254        149         54          0      10528   touch.o
       404         42          0          4          0       5183   usart_driver.o
       482         82          0          0         24       4917   windspeed.o

    ----------------------------------------------------------------------
     68062       6072       7388       1116      12488     724980   Object Totals
         0          0         32          0          0          0   (incl. Generated)
        66          0         10         16          6          0   (incl. Padding)

    ----------------------------------------------------------------------

      Code (inc. data)   RO Data    RW Data    ZI Data      Debug   Library Member Name

        62         10          0          0          0        340   dunder.o
        40          0          0          0          0         68   fpclassify.o
       170          0          0          0          0         96   poly.o
      2520        190        136          0          0        324   pow.o
         0          0          8          0          0          0   qnan.o
        76          0          0          0          0         84   sqrt.o
        86          0          0          0          0          0   __dczerorl2.o
         0          0          0          0          0          0   entry.o
         0          0          0          0          0          0   entry10a.o
         0          0          0          0          0          0   entry11a.o
         4          0          0          0          0          0   entry12b.o
         8          4          0          0          0          0   entry2.o
         4          0          0          0          0          0   entry5.o
         0          0          0          0          0          0   entry7b.o
         0          0          0          0          0          0   entry8b.o
         8          4          0          0          0          0   entry9a.o
        12          6          0          4          0         68   errno.o
        30          0          0          0          0          0   handlers.o
        36          8          0          0          0         68   init.o
         0          0          0          0          0          0   iusefp.o
        30          0          0          0          0         68   llshl.o
        36          0          0          0          0         68   llsshr.o
        32          0          0          0          0         68   llushr.o
        36          0          0          0          0         68   memcpya.o
        36          0          0          0          0        108   memseta.o
      2342        100          0          0          0        772   printfa.o
        28          0          0          0          0         76   strcmp.o
        14          0          0          0          0         68   strlen.o
        44          0          0          0          0         80   uidiv.o
        98          0          0          0          0         92   uldiv.o
        48          0          0          0          0         68   cdcmple.o
        48          0          0          0          0         68   cdrcmple.o
        20          0          0          0          0         68   cfcmple.o
        20          0          0          0          0         68   cfrcmple.o
        56          0          0          0          0         88   d2f.o
       334          0          0          0          0        148   dadd.o
       222          0          0          0          0        100   ddiv.o
       186          0          0          0          0        176   depilogue.o
        50          0          0          0          0         76   dfixui.o
        48          0          0          0          0         68   dfixul.o
        34          0          0          0          0         76   dflti.o
        26          0          0          0          0         76   dfltui.o
       228          0          0          0          0         96   dmul.o
        46          0          0          0          0         80   dscalb.o
       162          0          0          0          0        100   dsqrt.o
        38          0          0          0          0         68   f2d.o
       176          0          0          0          0        140   fadd.o
       124          0          0          0          0         88   fdiv.o
       110          0          0          0          0        168   fepilogue.o
        50          0          0          0          0         68   ffixi.o
        40          0          0          0          0         68   ffixui.o
        18          0          0          0          0         68   fflti.o
        10          0          0          0          0         68   ffltui.o
       100          0          0          0          0         76   fmul.o

    ----------------------------------------------------------------------
      7958        322        144          4          0       4684   Library Totals
        12          0          0          0          0          0   (incl. Padding)

    ----------------------------------------------------------------------

      Code (inc. data)   RO Data    RW Data    ZI Data      Debug   Library Name

      2868        200        144          0          0        912   m_ws.l
      2884        122          0          4          0       1604   mc_w.l
      2194          0          0          0          0       2168   mf_w.l

    ----------------------------------------------------------------------
      7958        322        144          4          0       4684   Library Totals

    ----------------------------------------------------------------------

==============================================================================


      Code (inc. data)   RO Data    RW Data    ZI Data      Debug   

     76020       6394       7532       1120      12488     708524   Grand Totals
     76020       6394       7532        324      12488     708524   ELF Image Totals (compressed)
     76020       6394       7532        324          0          0   ROM Totals

==============================================================================

    Total RO  Size (Code + RO Data)                83552 (  81.59kB)
    Total RW  Size (RW Data + ZI Data)             13608 (  13.29kB)
    Total ROM Size (Code + RO Data + RW Data)      83876 (  81.91kB)

==============================================================================

